Archive member included to satisfy reference by file (symbol)

app/libapp.a(main.c.obj)      (--whole-archive)
zephyr/libzephyr.a(heap.c.obj)
                              (--whole-archive)
zephyr/libzephyr.a(cbprintf_packaged.c.obj)
                              (--whole-archive)
zephyr/libzephyr.a(printk.c.obj)
                              (--whole-archive)
zephyr/libzephyr.a(sem.c.obj)
                              (--whole-archive)
zephyr/libzephyr.a(thread_entry.c.obj)
                              (--whole-archive)
zephyr/libzephyr.a(cbprintf_complete.c.obj)
                              (--whole-archive)
zephyr/libzephyr.a(assert.c.obj)
                              (--whole-archive)
zephyr/libzephyr.a(dec.c.obj)
                              (--whole-archive)
zephyr/libzephyr.a(hex.c.obj)
                              (--whole-archive)
zephyr/libzephyr.a(rb.c.obj)  (--whole-archive)
zephyr/libzephyr.a(timeutil.c.obj)
                              (--whole-archive)
zephyr/libzephyr.a(bitarray.c.obj)
                              (--whole-archive)
zephyr/libzephyr.a(onoff.c.obj)
                              (--whole-archive)
zephyr/libzephyr.a(notify.c.obj)
                              (--whole-archive)
zephyr/libzephyr.a(last_section_id.c.obj)
                              (--whole-archive)
zephyr/libzephyr.a(configs.c.obj)
                              (--whole-archive)
zephyr/libzephyr.a(mem_attr.c.obj)
                              (--whole-archive)
zephyr/libzephyr.a(tracing_none.c.obj)
                              (--whole-archive)
zephyr/libzephyr.a(banner.c.obj)
                              (--whole-archive)
zephyr/libzephyr.a(flash_map_partition_manager.c.obj)
                              (--whole-archive)
zephyr/libzephyr.a(nrf_cc3xx_platform_abort_zephyr.c.obj)
                              (--whole-archive)
zephyr/libzephyr.a(nrf_cc3xx_platform_mutex_zephyr.c.obj)
                              (--whole-archive)
zephyr/arch/common/libarch__common.a(sw_isr_common.c.obj)
                              (--whole-archive)
zephyr/arch/arch/arm/core/libarch__arm__core.a(fatal.c.obj)
                              (--whole-archive)
zephyr/arch/arch/arm/core/libarch__arm__core.a(nmi.c.obj)
                              (--whole-archive)
zephyr/arch/arch/arm/core/libarch__arm__core.a(nmi_on_reset.S.obj)
                              (--whole-archive)
zephyr/arch/arch/arm/core/libarch__arm__core.a(tls.c.obj)
                              (--whole-archive)
zephyr/arch/arch/arm/core/cortex_m/libarch__arm__core__cortex_m.a(exc_exit.c.obj)
                              (--whole-archive)
zephyr/arch/arch/arm/core/cortex_m/libarch__arm__core__cortex_m.a(fault.c.obj)
                              (--whole-archive)
zephyr/arch/arch/arm/core/cortex_m/libarch__arm__core__cortex_m.a(fault_s.S.obj)
                              (--whole-archive)
zephyr/arch/arch/arm/core/cortex_m/libarch__arm__core__cortex_m.a(fpu.c.obj)
                              (--whole-archive)
zephyr/arch/arch/arm/core/cortex_m/libarch__arm__core__cortex_m.a(reset.S.obj)
                              (--whole-archive)
zephyr/arch/arch/arm/core/cortex_m/libarch__arm__core__cortex_m.a(scb.c.obj)
                              (--whole-archive)
zephyr/arch/arch/arm/core/cortex_m/libarch__arm__core__cortex_m.a(thread_abort.c.obj)
                              (--whole-archive)
zephyr/arch/arch/arm/core/cortex_m/libarch__arm__core__cortex_m.a(vector_table.S.obj)
                              (--whole-archive)
zephyr/arch/arch/arm/core/cortex_m/libarch__arm__core__cortex_m.a(swap_helper.S.obj)
                              (--whole-archive)
zephyr/arch/arch/arm/core/cortex_m/libarch__arm__core__cortex_m.a(irq_manage.c.obj)
                              (--whole-archive)
zephyr/arch/arch/arm/core/cortex_m/libarch__arm__core__cortex_m.a(prep_c.c.obj)
                              (--whole-archive)
zephyr/arch/arch/arm/core/cortex_m/libarch__arm__core__cortex_m.a(thread.c.obj)
                              (--whole-archive)
zephyr/arch/arch/arm/core/cortex_m/libarch__arm__core__cortex_m.a(cpu_idle.c.obj)
                              (--whole-archive)
zephyr/arch/arch/arm/core/cortex_m/libarch__arm__core__cortex_m.a(irq_init.c.obj)
                              (--whole-archive)
zephyr/arch/arch/arm/core/cortex_m/libarch__arm__core__cortex_m.a(isr_wrapper.c.obj)
                              (--whole-archive)
zephyr/arch/arch/arm/core/cortex_m/libarch__arm__core__cortex_m.a(__aeabi_read_tp.S.obj)
                              (--whole-archive)
zephyr/arch/arch/arm/core/mpu/libarch__arm__core__mpu.a(arm_core_mpu.c.obj)
                              (--whole-archive)
zephyr/arch/arch/arm/core/mpu/libarch__arm__core__mpu.a(arm_mpu.c.obj)
                              (--whole-archive)
zephyr/arch/arch/arm/core/mpu/libarch__arm__core__mpu.a(arm_mpu_regions.c.obj)
                              (--whole-archive)
[...]
Memory Configuration

Name             Origin             Length             Attributes
FLASH            0x0000000000000000 0x0000000000100000 xr
RAM              0x0000000020000000 0x0000000000040000 xw
IDT_LIST         0x00000000ffff7fff 0x0000000000008000 xw
*default*        0x0000000000000000 0xffffffffffffffff

Linker script and memory map

                0x0000000000003e5c                vfprintf = __l_vfprintf
                0x0000000000000000                vfscanf = __l_vfscanf
LOAD zephyr/CMakeFiles/zephyr_final.dir/misc/empty_file.c.obj
LOAD zephyr/CMakeFiles/zephyr_final.dir/isr_tables.c.obj
LOAD zephyr/CMakeFiles/offsets.dir/./arch/arm/core/offsets/offsets.c.obj
LOAD app/libapp.a
LOAD zephyr/libzephyr.a
LOAD zephyr/arch/common/libarch__common.a
LOAD zephyr/arch/arch/arm/core/libarch__arm__core.a
LOAD zephyr/arch/arch/arm/core/cortex_m/libarch__arm__core__cortex_m.a
LOAD zephyr/arch/arch/arm/core/mpu/libarch__arm__core__mpu.a
LOAD zephyr/lib/libc/picolibc/liblib__libc__picolibc.a
LOAD zephyr/lib/libc/common/liblib__libc__common.a
LOAD zephyr/soc/soc/nrf52840/libsoc__nordic.a
LOAD zephyr/drivers/clock_control/libdrivers__clock_control.a
LOAD zephyr/drivers/console/libdrivers__console.a
LOAD zephyr/drivers/gpio/libdrivers__gpio.a
LOAD zephyr/drivers/pinctrl/libdrivers__pinctrl.a
LOAD zephyr/drivers/serial/libdrivers__serial.a
LOAD zephyr/drivers/timer/libdrivers__timer.a
LOAD modules/nrf/drivers/hw_cc3xx/lib..__nrf__drivers__hw_cc3xx.a
LOAD modules/hal_nordic/modules/hal_nordic/nrfx/libmodules__hal_nordic__nrfx.a
LOAD modules/segger/libmodules__segger.a
LOAD zephyr/kernel/libkernel.a
LOAD zephyr/arch/common/libisr_tables.a
LOAD C:/ncs/v3.0.2/nrfxlib/crypto/nrf_cc310_platform/lib/cortex-m4/soft-float/no-interrupts/libnrf_cc310_platform_0.9.19.a
LOAD c:\ncs\toolchains\0b393f9e1b\opt\zephyr-sdk\arm-zephyr-eabi\bin\../lib/gcc/../../picolibc/arm-zephyr-eabi/lib/thumb/v7e-m/nofp\libc.a
LOAD c:/ncs/toolchains/0b393f9e1b/opt/zephyr-sdk/arm-zephyr-eabi/bin/../lib/gcc/arm-zephyr-eabi/12.2.0/thumb/v7e-m/nofp\libgcc.a
                0x0000000000000020                _region_min_align = 0x20

.rel.plt        0x0000000000000000        0x0
 *(SORT_BY_ALIGNMENT(.rel.plt))
                [!provide]                        PROVIDE (__rel_iplt_start = .)
 *(SORT_BY_ALIGNMENT(.rel.iplt))
 .rel.iplt      0x0000000000000000        0x0 zephyr/CMakeFiles/zephyr_final.dir/isr_tables.c.obj
                [!provide]                        PROVIDE (__rel_iplt_end = .)

.rela.plt       0x0000000000000000        0x0
 *(SORT_BY_ALIGNMENT(.rela.plt))
                [!provide]                        PROVIDE (__rela_iplt_start = .)
 *(SORT_BY_ALIGNMENT(.rela.iplt))
                [!provide]                        PROVIDE (__rela_iplt_end = .)

.rel.dyn
 *(SORT_BY_ALIGNMENT(.rel.*))

.rela.dyn
 *(SORT_BY_ALIGNMENT(.rela.*))

/DISCARD/
 *(SORT_BY_ALIGNMENT(.plt))

/DISCARD/
 *(SORT_BY_ALIGNMENT(.iplt))
                0x0000000000000000                __rom_region_start = 0x0

rom_start       0x0000000000000000      0x100
                0x0000000000000000                __rom_start_address = .
 FILL mask 0x00
                0x0000000000000000                . = (. + (0x0 - (. - __rom_start_address)))
                0x0000000000000000                . = ALIGN (0x4)
                0x0000000000000000                . = ALIGN (0x80)
                0x0000000000000000                . = ALIGN (0x100)
                0x0000000000000000                _vector_start = .
 *(SORT_BY_ALIGNMENT(.exc_vector_table))
 *(SORT_BY_ALIGNMENT(.exc_vector_table.*))
 .exc_vector_table._vector_table_section
                0x0000000000000000       0x40 zephyr/arch/arch/arm/core/cortex_m/libarch__arm__core__cortex_m.a(vector_table.S.obj)
                0x0000000000000000                _vector_table
 *(SORT_BY_ALIGNMENT(.vectors))
                0x0000000000000100                _vector_end = .
                0x0000000000000040                . = ALIGN (0x4)
 *(SORT_BY_ALIGNMENT(.gnu.linkonce.irq_vector_table*))
 .gnu.linkonce.irq_vector_table
                0x0000000000000040       0xc0 zephyr/CMakeFiles/zephyr_final.dir/isr_tables.c.obj
                0x0000000000000040                _irq_vector_table
                0x0000000000000100                _vector_end = .

text            0x0000000000000100     0x4de8
                0x0000000000000100                __text_region_start = .
 *(SORT_BY_ALIGNMENT(.text))
 *(SORT_BY_ALIGNMENT(.text.*))
 .text.main     0x0000000000000100       0x74 app/libapp.a(main.c.obj)
                0x0000000000000100                main
 .text.char_out
                0x0000000000000174        0xc zephyr/libzephyr.a(printk.c.obj)
 .text.__printk_hook_install
                0x0000000000000180        0xc zephyr/libzephyr.a(printk.c.obj)
                0x0000000000000180                __printk_hook_install
 .text.vprintk  0x000000000000018c       0x30 zephyr/libzephyr.a(printk.c.obj)
                0x000000000000018c                vprintk
 .text.z_thread_entry
                0x00000000000001bc       0x34 zephyr/libzephyr.a(thread_entry.c.obj)
                0x00000000000001bc                z_thread_entry
 .text.process_event
                0x00000000000001f0      0x21c zephyr/libzephyr.a(onoff.c.obj)
 .text.mem_attr_get_regions
                0x000000000000040c        0xc zephyr/libzephyr.a(mem_attr.c.obj)
                0x000000000000040c                mem_attr_get_regions
 .text.boot_banner
                0x0000000000000418       0x1c zephyr/libzephyr.a(banner.c.obj)
                0x0000000000000418                boot_banner
 .text.nrf_cc3xx_platform_abort_init
                0x0000000000000434        0xc zephyr/libzephyr.a(nrf_cc3xx_platform_abort_zephyr.c.obj)
                0x0000000000000434                nrf_cc3xx_platform_abort_init
 .text.mutex_free_platform
                0x0000000000000440       0x54 zephyr/libzephyr.a(nrf_cc3xx_platform_mutex_zephyr.c.obj)
 .text.mutex_lock_platform
                0x0000000000000494       0x60 zephyr/libzephyr.a(nrf_cc3xx_platform_mutex_zephyr.c.obj)
 .text.mutex_unlock_platform
                0x00000000000004f4       0x58 zephyr/libzephyr.a(nrf_cc3xx_platform_mutex_zephyr.c.obj)
 .text.mutex_init_platform
                0x000000000000054c       0x94 zephyr/libzephyr.a(nrf_cc3xx_platform_mutex_zephyr.c.obj)
 .text.nrf_cc3xx_platform_mutex_init
                0x00000000000005e0       0x2c zephyr/libzephyr.a(nrf_cc3xx_platform_mutex_zephyr.c.obj)
                0x00000000000005e0                nrf_cc3xx_platform_mutex_init
 .text.z_SysNmiOnReset
                0x000000000000060c        0x8 zephyr/arch/arch/arm/core/libarch__arm__core.a(nmi_on_reset.S.obj)
                0x000000000000060c                z_SysNmiOnReset
 .text.arch_tls_stack_setup
                0x0000000000000614       0x40 zephyr/arch/arch/arm/core/libarch__arm__core.a(tls.c.obj)
                0x0000000000000614                arch_tls_stack_setup
 .text._HandlerModeExit
                0x0000000000000654       0x28 zephyr/arch/arch/arm/core/cortex_m/libarch__arm__core__cortex_m.a(exc_exit.c.obj)
                0x0000000000000654                z_arm_int_exit
                0x0000000000000654                z_arm_exc_exit
 .text.mem_manage_fault
                0x000000000000067c       0xa0 zephyr/arch/arch/arm/core/cortex_m/libarch__arm__core__cortex_m.a(fault.c.obj)
 .text.usage_fault.constprop.0
                0x000000000000071c       0x54 zephyr/arch/arch/arm/core/cortex_m/libarch__arm__core__cortex_m.a(fault.c.obj)
 .text.bus_fault.constprop.0
                0x0000000000000770       0x6c zephyr/arch/arch/arm/core/cortex_m/libarch__arm__core__cortex_m.a(fault.c.obj)
 .text.z_arm_fault
                0x00000000000007dc      0x128 zephyr/arch/arch/arm/core/cortex_m/libarch__arm__core__cortex_m.a(fault.c.obj)
                0x00000000000007dc                z_arm_fault
 .text.z_arm_fault_init
                0x0000000000000904       0x18 zephyr/arch/arch/arm/core/cortex_m/libarch__arm__core__cortex_m.a(fault.c.obj)
                0x0000000000000904                z_arm_fault_init
 .text.__fault  0x000000000000091c       0x14 zephyr/arch/arch/arm/core/cortex_m/libarch__arm__core__cortex_m.a(fault_s.S.obj)
                0x000000000000091c                z_arm_usage_fault
                0x000000000000091c                z_arm_mpu_fault
                0x000000000000091c                z_arm_exc_spurious
                0x000000000000091c                z_arm_debug_monitor
                0x000000000000091c                z_arm_hard_fault
                0x000000000000091c                z_arm_bus_fault
 .text._reset_section
                0x0000000000000930       0x54 zephyr/arch/arch/arm/core/cortex_m/libarch__arm__core__cortex_m.a(reset.S.obj)
                0x0000000000000930                __start
                0x0000000000000930                z_arm_reset
 .text.z_arm_clear_arm_mpu_config
                0x0000000000000984       0x24 zephyr/arch/arch/arm/core/cortex_m/libarch__arm__core__cortex_m.a(scb.c.obj)
                0x0000000000000984                z_arm_clear_arm_mpu_config
 .text.z_arm_init_arch_hw_at_boot
                0x00000000000009a8       0x64 zephyr/arch/arch/arm/core/cortex_m/libarch__arm__core__cortex_m.a(scb.c.obj)
                0x00000000000009a8                z_arm_init_arch_hw_at_boot
 .text.z_impl_k_thread_abort
                0x0000000000000a0c       0x2c zephyr/arch/arch/arm/core/cortex_m/libarch__arm__core__cortex_m.a(thread_abort.c.obj)
                0x0000000000000a0c                z_impl_k_thread_abort
 .text.z_arm_pendsv
                0x0000000000000a38       0x64 zephyr/arch/arch/arm/core/cortex_m/libarch__arm__core__cortex_m.a(swap_helper.S.obj)
                0x0000000000000a38                z_arm_pendsv
 .text.z_arm_svc
                0x0000000000000a9c       0x24 zephyr/arch/arch/arm/core/cortex_m/libarch__arm__core__cortex_m.a(swap_helper.S.obj)
                0x0000000000000a9c                z_arm_svc
 .text.arch_irq_enable
                0x0000000000000ac0       0x1c zephyr/arch/arch/arm/core/cortex_m/libarch__arm__core__cortex_m.a(irq_manage.c.obj)
                0x0000000000000ac0                arch_irq_enable
 .text.arch_irq_is_enabled
                0x0000000000000adc       0x1c zephyr/arch/arch/arm/core/cortex_m/libarch__arm__core__cortex_m.a(irq_manage.c.obj)
                0x0000000000000adc                arch_irq_is_enabled
 .text.z_arm_irq_priority_set
                0x0000000000000af8       0x30 zephyr/arch/arch/arm/core/cortex_m/libarch__arm__core__cortex_m.a(irq_manage.c.obj)
                0x0000000000000af8                z_arm_irq_priority_set
 .text.z_prep_c
                0x0000000000000b28       0x38 zephyr/arch/arch/arm/core/cortex_m/libarch__arm__core__cortex_m.a(prep_c.c.obj)
                0x0000000000000b28                z_prep_c
 .text.arch_new_thread
                0x0000000000000b60       0x38 zephyr/arch/arch/arm/core/cortex_m/libarch__arm__core__cortex_m.a(thread.c.obj)
                0x0000000000000b60                arch_new_thread
 .text.z_check_thread_stack_fail
                0x0000000000000b98       0x2c zephyr/arch/arch/arm/core/cortex_m/libarch__arm__core__cortex_m.a(thread.c.obj)
                0x0000000000000b98                z_check_thread_stack_fail
 .text.arch_switch_to_main_thread
                0x0000000000000bc4       0x3c zephyr/arch/arch/arm/core/cortex_m/libarch__arm__core__cortex_m.a(thread.c.obj)
                0x0000000000000bc4                arch_switch_to_main_thread
 .text.z_arm_cpu_idle_init
                0x0000000000000c00        0xc zephyr/arch/arch/arm/core/cortex_m/libarch__arm__core__cortex_m.a(cpu_idle.c.obj)
                0x0000000000000c00                z_arm_cpu_idle_init
 .text.z_arm_interrupt_init
                0x0000000000000c0c       0x18 zephyr/arch/arch/arm/core/cortex_m/libarch__arm__core__cortex_m.a(irq_init.c.obj)
                0x0000000000000c0c                z_arm_interrupt_init
 .text._isr_wrapper
                0x0000000000000c24       0x24 zephyr/arch/arch/arm/core/cortex_m/libarch__arm__core__cortex_m.a(isr_wrapper.c.obj)
                0x0000000000000c24                _isr_wrapper
 .text.z_arm_configure_static_mpu_regions
                0x0000000000000c48       0x18 zephyr/arch/arch/arm/core/mpu/libarch__arm__core__mpu.a(arm_core_mpu.c.obj)
                0x0000000000000c48                z_arm_configure_static_mpu_regions
 .text.z_arm_configure_dynamic_mpu_regions
                0x0000000000000c60       0x20 zephyr/arch/arch/arm/core/mpu/libarch__arm__core__mpu.a(arm_core_mpu.c.obj)
                0x0000000000000c60                z_arm_configure_dynamic_mpu_regions
 .text.region_init
                0x0000000000000c80       0x28 zephyr/arch/arch/arm/core/mpu/libarch__arm__core__mpu.a(arm_mpu.c.obj)
 .text.mpu_configure_regions
                0x0000000000000ca8       0x6c zephyr/arch/arch/arm/core/mpu/libarch__arm__core__mpu.a(arm_mpu.c.obj)
 .text.arm_core_mpu_enable
                0x0000000000000d14       0x18 zephyr/arch/arch/arm/core/mpu/libarch__arm__core__mpu.a(arm_mpu.c.obj)
                0x0000000000000d14                arm_core_mpu_enable
 .text.arm_core_mpu_disable
                0x0000000000000d2c       0x14 zephyr/arch/arch/arm/core/mpu/libarch__arm__core__mpu.a(arm_mpu.c.obj)
                0x0000000000000d2c                arm_core_mpu_disable
 .text.arm_core_mpu_configure_static_mpu_regions
                0x0000000000000d40       0x14 zephyr/arch/arch/arm/core/mpu/libarch__arm__core__mpu.a(arm_mpu.c.obj)
                0x0000000000000d40                arm_core_mpu_configure_static_mpu_regions
 .text.arm_core_mpu_configure_dynamic_mpu_regions
                0x0000000000000d54       0x38 zephyr/arch/arch/arm/core/mpu/libarch__arm__core__mpu.a(arm_mpu.c.obj)
                0x0000000000000d54                arm_core_mpu_configure_dynamic_mpu_regions
 .text.z_arm_mpu_init
                0x0000000000000d8c      0x168 zephyr/arch/arch/arm/core/mpu/libarch__arm__core__mpu.a(arm_mpu.c.obj)
                0x0000000000000d8c                z_arm_mpu_init
 .text.z_impl_zephyr_fputc
                0x0000000000000ef4       0x10 zephyr/lib/libc/picolibc/liblib__libc__picolibc.a(stdio.c.obj)
                0x0000000000000ef4                z_impl_zephyr_fputc
 .text.__stdout_hook_install
                0x0000000000000f04       0x18 zephyr/lib/libc/picolibc/liblib__libc__picolibc.a(stdio.c.obj)
                0x0000000000000f04                __stdout_hook_install
 .text.malloc_prepare
                0x0000000000000f1c       0x24 zephyr/lib/libc/common/liblib__libc__common.a(malloc.c.obj)
 .text.nordicsemi_nrf52_init
                0x0000000000000f40       0x44 zephyr/soc/soc/nrf52840/libsoc__nordic.a(soc.c.obj)
 .text.arch_busy_wait
                0x0000000000000f84       0x14 zephyr/soc/soc/nrf52840/libsoc__nordic.a(soc.c.obj)
                0x0000000000000f84                arch_busy_wait
 .text.onoff_stop
                0x0000000000000f98       0x30 zephyr/drivers/clock_control/libdrivers__clock_control.a(clock_control_nrf.c.obj)
 .text.onoff_start
                0x0000000000000fc8       0x44 zephyr/drivers/clock_control/libdrivers__clock_control.a(clock_control_nrf.c.obj)
 .text.generic_hfclk_stop
                0x000000000000100c       0x34 zephyr/drivers/clock_control/libdrivers__clock_control.a(clock_control_nrf.c.obj)
 .text.clk_init
                0x0000000000001040       0x58 zephyr/drivers/clock_control/libdrivers__clock_control.a(clock_control_nrf.c.obj)
 .text.api_blocking_start
                0x0000000000001098       0x34 zephyr/drivers/clock_control/libdrivers__clock_control.a(clock_control_nrf.c.obj)
 .text.clkstarted_handle.constprop.0
                0x00000000000010cc       0x4c zephyr/drivers/clock_control/libdrivers__clock_control.a(clock_control_nrf.c.obj)
 .text.generic_hfclk_start
                0x0000000000001118       0x78 zephyr/drivers/clock_control/libdrivers__clock_control.a(clock_control_nrf.c.obj)
 .text.clock_event_handler
                0x0000000000001190       0x1c zephyr/drivers/clock_control/libdrivers__clock_control.a(clock_control_nrf.c.obj)
 .text.z_nrf_clock_control_lf_on
                0x00000000000011ac       0xfc zephyr/drivers/clock_control/libdrivers__clock_control.a(clock_control_nrf.c.obj)
                0x00000000000011ac                z_nrf_clock_control_lf_on
 .text.uart_console_init
                0x00000000000012a8       0x28 zephyr/drivers/console/libdrivers__console.a(uart_console.c.obj)
 .text.console_out
                0x00000000000012d0       0x28 zephyr/drivers/console/libdrivers__console.a(uart_console.c.obj)
 .text.gpio_nrfx_pin_interrupt_configure
                0x00000000000012f8      0x100 zephyr/drivers/gpio/libdrivers__gpio.a(gpio_nrfx.c.obj)
 .text.gpio_nrfx_init
                0x00000000000013f8       0x48 zephyr/drivers/gpio/libdrivers__gpio.a(gpio_nrfx.c.obj)
 .text.nrfx_gpio_handler
                0x0000000000001440       0x4c zephyr/drivers/gpio/libdrivers__gpio.a(gpio_nrfx.c.obj)
 .text.gpio_nrfx_pin_configure
                0x000000000000148c      0x18c zephyr/drivers/gpio/libdrivers__gpio.a(gpio_nrfx.c.obj)
 .text.nrf_gpio_pin_port_decode
                0x0000000000001618       0x20 zephyr/drivers/pinctrl/libdrivers__pinctrl.a(pinctrl_nrf.c.obj)
 .text.pinctrl_configure_pins
                0x0000000000001638      0x1a4 zephyr/drivers/pinctrl/libdrivers__pinctrl.a(pinctrl_nrf.c.obj)
                0x0000000000001638                pinctrl_configure_pins
 .text.uarte_nrfx_poll_out
                0x00000000000017dc       0xb4 zephyr/drivers/serial/libdrivers__serial.a(uart_nrfx_uarte.c.obj)
 .text.uarte_0_init
                0x0000000000001890      0x108 zephyr/drivers/serial/libdrivers__serial.a(uart_nrfx_uarte.c.obj)
 .text.compare_int_lock
                0x0000000000001998       0x48 zephyr/drivers/timer/libdrivers__timer.a(nrf_rtc_timer.c.obj)
 .text.sys_clock_timeout_handler
                0x00000000000019e0       0x48 zephyr/drivers/timer/libdrivers__timer.a(nrf_rtc_timer.c.obj)
 .text.compare_int_unlock
                0x0000000000001a28       0x5c zephyr/drivers/timer/libdrivers__timer.a(nrf_rtc_timer.c.obj)
 .text.z_nrf_rtc_timer_read
                0x0000000000001a84       0x44 zephyr/drivers/timer/libdrivers__timer.a(nrf_rtc_timer.c.obj)
                0x0000000000001a84                z_nrf_rtc_timer_read
 .text.compare_set
                0x0000000000001ac8      0x130 zephyr/drivers/timer/libdrivers__timer.a(nrf_rtc_timer.c.obj)
 .text.sys_clock_driver_init
                0x0000000000001bf8       0x90 zephyr/drivers/timer/libdrivers__timer.a(nrf_rtc_timer.c.obj)
 .text.rtc_nrf_isr
                0x0000000000001c88       0xd4 zephyr/drivers/timer/libdrivers__timer.a(nrf_rtc_timer.c.obj)
                0x0000000000001c88                rtc_nrf_isr
 .text.sys_clock_set_timeout
                0x0000000000001d5c       0x5c zephyr/drivers/timer/libdrivers__timer.a(nrf_rtc_timer.c.obj)
                0x0000000000001d5c                sys_clock_set_timeout
 .text.sys_clock_elapsed
                0x0000000000001db8       0x14 zephyr/drivers/timer/libdrivers__timer.a(nrf_rtc_timer.c.obj)
                0x0000000000001db8                sys_clock_elapsed
 .text.nrf52_errata_98
                0x0000000000001dcc       0x24 modules/hal_nordic/modules/hal_nordic/nrfx/libmodules__hal_nordic__nrfx.a(system_nrf52840.c.obj)
 .text.nvmc_wait
                0x0000000000001df0       0x10 modules/hal_nordic/modules/hal_nordic/nrfx/libmodules__hal_nordic__nrfx.a(system_nrf52840.c.obj)
                0x0000000000001df0                nvmc_wait
 .text.SystemInit
                0x0000000000001e00      0x1bc modules/hal_nordic/modules/hal_nordic/nrfx/libmodules__hal_nordic__nrfx.a(system_nrf52840.c.obj)
                0x0000000000001e00                SystemInit
 .text.nrfx_flag32_alloc
                0x0000000000001fbc       0x48 modules/hal_nordic/modules/hal_nordic/nrfx/libmodules__hal_nordic__nrfx.a(nrfx_flag32_allocator.c.obj)
                0x0000000000001fbc                nrfx_flag32_alloc
 .text.nrfx_flag32_free
                0x0000000000002004       0x40 modules/hal_nordic/modules/hal_nordic/nrfx/libmodules__hal_nordic__nrfx.a(nrfx_flag32_allocator.c.obj)
                0x0000000000002004                nrfx_flag32_free
 .text.nrfx_gppi_channels_enable
                0x0000000000002044        0xc modules/hal_nordic/modules/hal_nordic/nrfx/libmodules__hal_nordic__nrfx.a(nrfx_gppi_ppi.c.obj)
                0x0000000000002044                nrfx_gppi_channels_enable
 .text.clock_stop
                0x0000000000002050       0xc4 modules/hal_nordic/modules/hal_nordic/nrfx/libmodules__hal_nordic__nrfx.a(nrfx_clock.c.obj)
 .text.nrfx_clock_init
                0x0000000000002114       0x20 modules/hal_nordic/modules/hal_nordic/nrfx/libmodules__hal_nordic__nrfx.a(nrfx_clock.c.obj)
                0x0000000000002114                nrfx_clock_init
 .text.nrfx_clock_enable
                0x0000000000002134       0x24 modules/hal_nordic/modules/hal_nordic/nrfx/libmodules__hal_nordic__nrfx.a(nrfx_clock.c.obj)
                0x0000000000002134                nrfx_clock_enable
 .text.nrfx_clock_start
                0x0000000000002158       0xa8 modules/hal_nordic/modules/hal_nordic/nrfx/libmodules__hal_nordic__nrfx.a(nrfx_clock.c.obj)
                0x0000000000002158                nrfx_clock_start
 .text.nrfx_power_clock_irq_handler
                0x0000000000002200       0x7c modules/hal_nordic/modules/hal_nordic/nrfx/libmodules__hal_nordic__nrfx.a(nrfx_clock.c.obj)
                0x0000000000002200                nrfx_power_clock_irq_handler
 .text.nrf_gpio_pin_port_decode
                0x000000000000227c       0x20 modules/hal_nordic/modules/hal_nordic/nrfx/libmodules__hal_nordic__nrfx.a(nrfx_gpiote.c.obj)
 .text.get_pin_idx
                0x000000000000229c       0x14 modules/hal_nordic/modules/hal_nordic/nrfx/libmodules__hal_nordic__nrfx.a(nrfx_gpiote.c.obj)
 .text.call_handler.constprop.0
                0x00000000000022b0       0x40 modules/hal_nordic/modules/hal_nordic/nrfx/libmodules__hal_nordic__nrfx.a(nrfx_gpiote.c.obj)
 .text.pin_te_get.constprop.0
                0x00000000000022f0       0x18 modules/hal_nordic/modules/hal_nordic/nrfx/libmodules__hal_nordic__nrfx.a(nrfx_gpiote.c.obj)
 .text.pin_is_output.constprop.0
                0x0000000000002308       0x18 modules/hal_nordic/modules/hal_nordic/nrfx/libmodules__hal_nordic__nrfx.a(nrfx_gpiote.c.obj)
 .text.pin_in_use_by_te.constprop.0
                0x0000000000002320       0x18 modules/hal_nordic/modules/hal_nordic/nrfx/libmodules__hal_nordic__nrfx.a(nrfx_gpiote.c.obj)
 .text.latch_pending_read_and_check
                0x0000000000002338       0x40 modules/hal_nordic/modules/hal_nordic/nrfx/libmodules__hal_nordic__nrfx.a(nrfx_gpiote.c.obj)
 .text.release_handler.isra.0
                0x0000000000002378       0x58 modules/hal_nordic/modules/hal_nordic/nrfx/libmodules__hal_nordic__nrfx.a(nrfx_gpiote.c.obj)
 .text.__nrfy_internal_gpiote_events_process.constprop.0
                0x00000000000023d0       0x5c modules/hal_nordic/modules/hal_nordic/nrfx/libmodules__hal_nordic__nrfx.a(nrfx_gpiote.c.obj)
 .text.pin_uninit
                0x000000000000242c       0x80 modules/hal_nordic/modules/hal_nordic/nrfx/libmodules__hal_nordic__nrfx.a(nrfx_gpiote.c.obj)
 .text.nrfx_gpiote_input_configure
                0x00000000000024ac      0x174 modules/hal_nordic/modules/hal_nordic/nrfx/libmodules__hal_nordic__nrfx.a(nrfx_gpiote.c.obj)
                0x00000000000024ac                nrfx_gpiote_input_configure
 .text.nrfx_gpiote_output_configure
                0x0000000000002620       0xfc modules/hal_nordic/modules/hal_nordic/nrfx/libmodules__hal_nordic__nrfx.a(nrfx_gpiote.c.obj)
                0x0000000000002620                nrfx_gpiote_output_configure
 .text.nrfx_gpiote_global_callback_set
                0x000000000000271c        0xc modules/hal_nordic/modules/hal_nordic/nrfx/libmodules__hal_nordic__nrfx.a(nrfx_gpiote.c.obj)
                0x000000000000271c                nrfx_gpiote_global_callback_set
 .text.nrfx_gpiote_channel_get
                0x0000000000002728       0x34 modules/hal_nordic/modules/hal_nordic/nrfx/libmodules__hal_nordic__nrfx.a(nrfx_gpiote.c.obj)
                0x0000000000002728                nrfx_gpiote_channel_get
 .text.nrfx_gpiote_init
                0x000000000000275c       0x68 modules/hal_nordic/modules/hal_nordic/nrfx/libmodules__hal_nordic__nrfx.a(nrfx_gpiote.c.obj)
                0x000000000000275c                nrfx_gpiote_init
 .text.nrfx_gpiote_init_check
                0x00000000000027c4       0x14 modules/hal_nordic/modules/hal_nordic/nrfx/libmodules__hal_nordic__nrfx.a(nrfx_gpiote.c.obj)
                0x00000000000027c4                nrfx_gpiote_init_check
 .text.nrfx_gpiote_channel_free
                0x00000000000027d8        0xc modules/hal_nordic/modules/hal_nordic/nrfx/libmodules__hal_nordic__nrfx.a(nrfx_gpiote.c.obj)
                0x00000000000027d8                nrfx_gpiote_channel_free
 .text.nrfx_gpiote_channel_alloc
                0x00000000000027e4        0xc modules/hal_nordic/modules/hal_nordic/nrfx/libmodules__hal_nordic__nrfx.a(nrfx_gpiote.c.obj)
                0x00000000000027e4                nrfx_gpiote_channel_alloc
 .text.nrfx_gpiote_trigger_enable
                0x00000000000027f0       0xb0 modules/hal_nordic/modules/hal_nordic/nrfx/libmodules__hal_nordic__nrfx.a(nrfx_gpiote.c.obj)
                0x00000000000027f0                nrfx_gpiote_trigger_enable
 .text.nrfx_gpiote_0_irq_handler
                0x00000000000028a0      0x1bc modules/hal_nordic/modules/hal_nordic/nrfx/libmodules__hal_nordic__nrfx.a(nrfx_gpiote.c.obj)
                0x00000000000028a0                nrfx_gpiote_0_irq_handler
 .text.nrfx_ppi_channel_alloc
                0x0000000000002a5c        0xc modules/hal_nordic/modules/hal_nordic/nrfx/libmodules__hal_nordic__nrfx.a(nrfx_ppi.c.obj)
                0x0000000000002a5c                nrfx_ppi_channel_alloc
 .text._DoInit  0x0000000000002a68       0x68 modules/segger/libmodules__segger.a(SEGGER_RTT.c.obj)
 .text.SEGGER_RTT_Init
                0x0000000000002ad0       0x3c modules/segger/libmodules__segger.a(SEGGER_RTT.c.obj)
                0x0000000000002ad0                SEGGER_RTT_Init
 .text.z_fatal_error
                0x0000000000002b0c       0x30 zephyr/kernel/libkernel.a(fatal.c.obj)
                0x0000000000002b0c                z_fatal_error
 .text.z_sys_init_run_level
                0x0000000000002b3c       0x2c zephyr/kernel/libkernel.a(init.c.obj)
 .text.bg_thread_main
                0x0000000000002b68       0xc4 zephyr/kernel/libkernel.a(init.c.obj)
 .text.z_bss_zero
                0x0000000000002c2c       0x18 zephyr/kernel/libkernel.a(init.c.obj)
                0x0000000000002c2c                z_bss_zero
 .text.z_init_cpu
                0x0000000000002c44       0x70 zephyr/kernel/libkernel.a(init.c.obj)
                0x0000000000002c44                z_init_cpu
 .text.z_cstart
                0x0000000000002cb4       0xdc zephyr/kernel/libkernel.a(init.c.obj)
                0x0000000000002cb4                z_cstart
 .text.init_mem_slab_obj_core_list
                0x0000000000002d90       0x24 zephyr/kernel/libkernel.a(mem_slab.c.obj)
 .text.k_mem_slab_alloc
                0x0000000000002db4       0x5c zephyr/kernel/libkernel.a(mem_slab.c.obj)
                0x0000000000002db4                k_mem_slab_alloc
 .text.z_impl_k_mutex_lock
                0x0000000000002e10       0xf0 zephyr/kernel/libkernel.a(mutex.c.obj)
                0x0000000000002e10                z_impl_k_mutex_lock
 .text.z_impl_k_mutex_unlock
                0x0000000000002f00       0xa0 zephyr/kernel/libkernel.a(mutex.c.obj)
                0x0000000000002f00                z_impl_k_mutex_unlock
 .text.z_impl_k_sem_give
                0x0000000000002fa0       0x68 zephyr/kernel/libkernel.a(sem.c.obj)
                0x0000000000002fa0                z_impl_k_sem_give
 .text.z_impl_k_sem_take
                0x0000000000003008       0x4c zephyr/kernel/libkernel.a(sem.c.obj)
                0x0000000000003008                z_impl_k_sem_take
 .text.z_setup_new_thread
                0x0000000000003054       0x98 zephyr/kernel/libkernel.a(thread.c.obj)
                0x0000000000003054                z_setup_new_thread
 .text.z_swap_irqlock
                0x00000000000030ec       0x30 zephyr/kernel/libkernel.a(sched.c.obj)
 .text.ready_thread
                0x000000000000311c       0x90 zephyr/kernel/libkernel.a(sched.c.obj)
 .text.unready_thread
                0x00000000000031ac       0x54 zephyr/kernel/libkernel.a(sched.c.obj)
 .text.move_thread_to_end_of_prio_q
                0x0000000000003200       0x90 zephyr/kernel/libkernel.a(sched.c.obj)
                0x0000000000003200                move_thread_to_end_of_prio_q
 .text.z_pend_curr
                0x0000000000003290       0x58 zephyr/kernel/libkernel.a(sched.c.obj)
                0x0000000000003290                z_pend_curr
 .text.z_thread_prio_set
                0x00000000000032e8       0x9c zephyr/kernel/libkernel.a(sched.c.obj)
                0x00000000000032e8                z_thread_prio_set
 .text.z_reschedule
                0x0000000000003384       0x24 zephyr/kernel/libkernel.a(sched.c.obj)
                0x0000000000003384                z_reschedule
 .text.z_reschedule_irqlock
                0x00000000000033a8       0x28 zephyr/kernel/libkernel.a(sched.c.obj)
                0x00000000000033a8                z_reschedule_irqlock
 .text.k_sched_lock
                0x00000000000033d0       0x28 zephyr/kernel/libkernel.a(sched.c.obj)
                0x00000000000033d0                k_sched_lock
 .text.k_sched_unlock
                0x00000000000033f8       0x68 zephyr/kernel/libkernel.a(sched.c.obj)
                0x00000000000033f8                k_sched_unlock
 .text.z_sched_init
                0x0000000000003460       0x10 zephyr/kernel/libkernel.a(sched.c.obj)
                0x0000000000003460                z_sched_init
 .text.z_impl_k_yield
                0x0000000000003470       0x88 zephyr/kernel/libkernel.a(sched.c.obj)
                0x0000000000003470                z_impl_k_yield
 .text.z_tick_sleep
                0x00000000000034f8       0x80 zephyr/kernel/libkernel.a(sched.c.obj)
 .text.z_impl_k_wakeup
                0x0000000000003578       0x4c zephyr/kernel/libkernel.a(sched.c.obj)
                0x0000000000003578                z_impl_k_wakeup
 .text.z_impl_k_sched_current_thread_query
                0x00000000000035c4        0xc zephyr/kernel/libkernel.a(sched.c.obj)
                0x00000000000035c4                z_impl_k_sched_current_thread_query
 .text.z_thread_abort
                0x00000000000035d0      0x110 zephyr/kernel/libkernel.a(sched.c.obj)
                0x00000000000035d0                z_thread_abort
 .text.slice_timeout
                0x00000000000036e0       0x20 zephyr/kernel/libkernel.a(timeslicing.c.obj)
 .text.thread_is_sliceable
                0x0000000000003700       0x3c zephyr/kernel/libkernel.a(timeslicing.c.obj)
                0x0000000000003700                thread_is_sliceable
 .text.z_reset_time_slice
                0x000000000000373c       0x50 zephyr/kernel/libkernel.a(timeslicing.c.obj)
                0x000000000000373c                z_reset_time_slice
 .text.z_time_slice
                0x000000000000378c       0x60 zephyr/kernel/libkernel.a(timeslicing.c.obj)
                0x000000000000378c                z_time_slice
 .text.z_data_copy
                0x00000000000037ec       0x38 zephyr/kernel/libkernel.a(xip.c.obj)
                0x00000000000037ec                z_data_copy
 .text.first    0x0000000000003824       0x10 zephyr/kernel/libkernel.a(timeout.c.obj)
 .text.elapsed  0x0000000000003834       0x14 zephyr/kernel/libkernel.a(timeout.c.obj)
 .text.remove_timeout
                0x0000000000003848       0x38 zephyr/kernel/libkernel.a(timeout.c.obj)
 .text.z_add_timeout
                0x0000000000003880       0xec zephyr/kernel/libkernel.a(timeout.c.obj)
                0x0000000000003880                z_add_timeout
 .text.sys_clock_announce
                0x000000000000396c       0xbc zephyr/kernel/libkernel.a(timeout.c.obj)
                0x000000000000396c                sys_clock_announce
 .text.sys_clock_tick_get
                0x0000000000003a28       0x30 zephyr/kernel/libkernel.a(timeout.c.obj)
                0x0000000000003a28                sys_clock_tick_get
 .text.nrf_cc3xx_platform_init_no_rng
                0x0000000000003a58       0x38 C:/ncs/v3.0.2/nrfxlib/crypto/nrf_cc310_platform/lib/cortex-m4/soft-float/no-interrupts/libnrf_cc310_platform_0.9.19.a(nrf_cc3xx_platform.c.obj)
                0x0000000000003a58                nrf_cc3xx_platform_init_no_rng
 .text.nrf_cc3xx_platform_abort
                0x0000000000003a90       0x24 C:/ncs/v3.0.2/nrfxlib/crypto/nrf_cc310_platform/lib/cortex-m4/soft-float/no-interrupts/libnrf_cc310_platform_0.9.19.a(nrf_cc3xx_platform_abort.c.obj)
 .text.CC_PalAbort
                0x0000000000003ab4       0x34 C:/ncs/v3.0.2/nrfxlib/crypto/nrf_cc310_platform/lib/cortex-m4/soft-float/no-interrupts/libnrf_cc310_platform_0.9.19.a(nrf_cc3xx_platform_abort.c.obj)
                0x0000000000003ab4                CC_PalAbort
 .text.nrf_cc3xx_platform_set_abort
                0x0000000000003ae8       0x10 C:/ncs/v3.0.2/nrfxlib/crypto/nrf_cc310_platform/lib/cortex-m4/soft-float/no-interrupts/libnrf_cc310_platform_0.9.19.a(nrf_cc3xx_platform_abort.c.obj)
                0x0000000000003ae8                nrf_cc3xx_platform_set_abort
 .text.mutex_free
                0x0000000000003af8       0x34 C:/ncs/v3.0.2/nrfxlib/crypto/nrf_cc310_platform/lib/cortex-m4/soft-float/no-interrupts/libnrf_cc310_platform_0.9.19.a(nrf_cc3xx_platform_mutex.c.obj)
 .text.mutex_lock
                0x0000000000003b2c       0x48 C:/ncs/v3.0.2/nrfxlib/crypto/nrf_cc310_platform/lib/cortex-m4/soft-float/no-interrupts/libnrf_cc310_platform_0.9.19.a(nrf_cc3xx_platform_mutex.c.obj)
 .text.mutex_unlock
                0x0000000000003b74       0x38 C:/ncs/v3.0.2/nrfxlib/crypto/nrf_cc310_platform/lib/cortex-m4/soft-float/no-interrupts/libnrf_cc310_platform_0.9.19.a(nrf_cc3xx_platform_mutex.c.obj)
 .text.mutex_init
                0x0000000000003bac       0x20 C:/ncs/v3.0.2/nrfxlib/crypto/nrf_cc310_platform/lib/cortex-m4/soft-float/no-interrupts/libnrf_cc310_platform_0.9.19.a(nrf_cc3xx_platform_mutex.c.obj)
 .text.nrf_cc3xx_platform_set_mutexes
                0x0000000000003bcc       0x74 C:/ncs/v3.0.2/nrfxlib/crypto/nrf_cc310_platform/lib/cortex-m4/soft-float/no-interrupts/libnrf_cc310_platform_0.9.19.a(nrf_cc3xx_platform_mutex.c.obj)
                0x0000000000003bcc                nrf_cc3xx_platform_set_mutexes
 .text.CC_LibInitNoRng
                0x0000000000003c40       0x64 C:/ncs/v3.0.2/nrfxlib/crypto/nrf_cc310_platform/lib/cortex-m4/soft-float/no-interrupts/libnrf_cc310_platform_0.9.19.a(cc_lib.c.obj)
                0x0000000000003c40                CC_LibInitNoRng
 .text.CC_HalInit
                0x0000000000003ca4        0x4 C:/ncs/v3.0.2/nrfxlib/crypto/nrf_cc310_platform/lib/cortex-m4/soft-float/no-interrupts/libnrf_cc310_platform_0.9.19.a(cc_hal.c.obj)
                0x0000000000003ca4                CC_HalInit
 .text.CC_HalTerminate
                0x0000000000003ca8        0x4 C:/ncs/v3.0.2/nrfxlib/crypto/nrf_cc310_platform/lib/cortex-m4/soft-float/no-interrupts/libnrf_cc310_platform_0.9.19.a(cc_hal.c.obj)
                0x0000000000003ca8                CC_HalTerminate
 .text.CC_HalMaskInterrupt
                0x0000000000003cac        0xc C:/ncs/v3.0.2/nrfxlib/crypto/nrf_cc310_platform/lib/cortex-m4/soft-float/no-interrupts/libnrf_cc310_platform_0.9.19.a(cc_hal.c.obj)
                0x0000000000003cac                CC_HalMaskInterrupt
 .text.CC_PalInit
                0x0000000000003cb8       0x5c C:/ncs/v3.0.2/nrfxlib/crypto/nrf_cc310_platform/lib/cortex-m4/soft-float/no-interrupts/libnrf_cc310_platform_0.9.19.a(cc_pal.c.obj)
                0x0000000000003cb8                CC_PalInit
 .text.CC_PalTerminate
                0x0000000000003d14       0x34 C:/ncs/v3.0.2/nrfxlib/crypto/nrf_cc310_platform/lib/cortex-m4/soft-float/no-interrupts/libnrf_cc310_platform_0.9.19.a(cc_pal.c.obj)
                0x0000000000003d14                CC_PalTerminate
 .text.CC_PalDmaInit
                0x0000000000003d48        0x4 C:/ncs/v3.0.2/nrfxlib/crypto/nrf_cc310_platform/lib/cortex-m4/soft-float/no-interrupts/libnrf_cc310_platform_0.9.19.a(cc_pal_dma.c.obj)
                0x0000000000003d48                CC_PalDmaInit
 .text.CC_PalDmaTerminate
                0x0000000000003d4c        0x4 C:/ncs/v3.0.2/nrfxlib/crypto/nrf_cc310_platform/lib/cortex-m4/soft-float/no-interrupts/libnrf_cc310_platform_0.9.19.a(cc_pal_dma.c.obj)
                0x0000000000003d4c                CC_PalDmaTerminate
 .text.CC_PalMutexCreate
                0x0000000000003d50       0x14 C:/ncs/v3.0.2/nrfxlib/crypto/nrf_cc310_platform/lib/cortex-m4/soft-float/no-interrupts/libnrf_cc310_platform_0.9.19.a(cc_pal_mutex.c.obj)
                0x0000000000003d50                CC_PalMutexCreate
 .text.CC_PalMutexDestroy
                0x0000000000003d64       0x14 C:/ncs/v3.0.2/nrfxlib/crypto/nrf_cc310_platform/lib/cortex-m4/soft-float/no-interrupts/libnrf_cc310_platform_0.9.19.a(cc_pal_mutex.c.obj)
                0x0000000000003d64                CC_PalMutexDestroy
 .text.CC_PalPowerSaveModeInit
                0x0000000000003d78       0x3c C:/ncs/v3.0.2/nrfxlib/crypto/nrf_cc310_platform/lib/cortex-m4/soft-float/no-interrupts/libnrf_cc310_platform_0.9.19.a(cc_pal_pm.c.obj)
                0x0000000000003d78                CC_PalPowerSaveModeInit
 .text.CC_PalPowerSaveModeSelect
                0x0000000000003db4       0x84 C:/ncs/v3.0.2/nrfxlib/crypto/nrf_cc310_platform/lib/cortex-m4/soft-float/no-interrupts/libnrf_cc310_platform_0.9.19.a(cc_pal_pm.c.obj)
                0x0000000000003db4                CC_PalPowerSaveModeSelect
 .text.printf   0x0000000000003e38       0x24 c:\ncs\toolchains\0b393f9e1b\opt\zephyr-sdk\arm-zephyr-eabi\bin\../lib/gcc/../../picolibc/arm-zephyr-eabi/lib/thumb/v7e-m/nofp\libc.a(libc_tinystdio_printf.c.o)
                0x0000000000003e38                printf
 .text.__l_vfprintf
                0x0000000000003e5c      0x4b8 c:\ncs\toolchains\0b393f9e1b\opt\zephyr-sdk\arm-zephyr-eabi\bin\../lib/gcc/../../picolibc/arm-zephyr-eabi/lib/thumb/v7e-m/nofp\libc.a(libc_tinystdio_vflprintf.c.o)
                0x0000000000003e5c                __l_vfprintf
 .text._OffsetAbsSyms
                0x0000000000004314        0x2 zephyr/CMakeFiles/offsets.dir/./arch/arm/core/offsets/offsets.c.obj
                0x0000000000004314                _OffsetAbsSyms
 .text.chunk_field
                0x0000000000004316       0x16 zephyr/libzephyr.a(heap.c.obj)
 .text.chunk_set
                0x000000000000432c       0x16 zephyr/libzephyr.a(heap.c.obj)
 .text.chunk_size
                0x0000000000004342        0xc zephyr/libzephyr.a(heap.c.obj)
 .text.set_chunk_used
                0x000000000000434e       0x30 zephyr/libzephyr.a(heap.c.obj)
 .text.set_chunk_size
                0x000000000000437e        0x8 zephyr/libzephyr.a(heap.c.obj)
 .text.bucket_idx.isra.0
                0x0000000000004386       0x1c zephyr/libzephyr.a(heap.c.obj)
 .text.free_list_add
                0x00000000000043a2       0x84 zephyr/libzephyr.a(heap.c.obj)
 .text.sys_heap_init
                0x0000000000004426       0xb0 zephyr/libzephyr.a(heap.c.obj)
                0x0000000000004426                sys_heap_init
 .text.arch_printk_char_out
                0x00000000000044d6        0x4 zephyr/libzephyr.a(printk.c.obj)
                0x00000000000044d6                arch_printk_char_out
 .text.printk   0x00000000000044da       0x1a zephyr/libzephyr.a(printk.c.obj)
                0x00000000000044da                printk
 .text.process_recheck
                0x00000000000044f4       0x38 zephyr/libzephyr.a(onoff.c.obj)
 .text.validate_args
                0x000000000000452c       0x20 zephyr/libzephyr.a(onoff.c.obj)
 .text.notify_one
                0x000000000000454c       0x2c zephyr/libzephyr.a(onoff.c.obj)
 .text.transition_complete
                0x0000000000004578       0x1a zephyr/libzephyr.a(onoff.c.obj)
 .text.onoff_manager_init
                0x0000000000004592       0x26 zephyr/libzephyr.a(onoff.c.obj)
                0x0000000000004592                onoff_manager_init
 .text.onoff_request
                0x00000000000045b8       0xae zephyr/libzephyr.a(onoff.c.obj)
                0x00000000000045b8                onoff_request
 .text.sys_notify_validate
                0x0000000000004666       0x22 zephyr/libzephyr.a(notify.c.obj)
                0x0000000000004666                sys_notify_validate
 .text.sys_notify_finalize
                0x0000000000004688       0x1a zephyr/libzephyr.a(notify.c.obj)
                0x0000000000004688                sys_notify_finalize
 .text._ConfigAbsSyms
                0x00000000000046a2        0x2 zephyr/libzephyr.a(configs.c.obj)
                0x00000000000046a2                _ConfigAbsSyms
 .text.abort_function
                0x00000000000046a4        0x2 zephyr/libzephyr.a(nrf_cc3xx_platform_abort_zephyr.c.obj)
 .text.z_arm_fatal_error
                0x00000000000046a6        0xc zephyr/arch/arch/arm/core/libarch__arm__core.a(fatal.c.obj)
                0x00000000000046a6                z_arm_fatal_error
 .text.z_do_kernel_oops
                0x00000000000046b2        0x8 zephyr/arch/arch/arm/core/libarch__arm__core.a(fatal.c.obj)
                0x00000000000046b2                z_do_kernel_oops
 .text.z_arm_nmi
                0x00000000000046ba        0xe zephyr/arch/arch/arm/core/libarch__arm__core.a(nmi.c.obj)
                0x00000000000046ba                z_arm_nmi
 .text.z_irq_spurious
                0x00000000000046c8        0x8 zephyr/arch/arch/arm/core/cortex_m/libarch__arm__core__cortex_m.a(irq_manage.c.obj)
                0x00000000000046c8                z_irq_spurious
 .text.arch_irq_unlock_outlined
                0x00000000000046d0        0xe zephyr/arch/arch/arm/core/cortex_m/libarch__arm__core__cortex_m.a(thread.c.obj)
                0x00000000000046d0                arch_irq_unlock_outlined
 .text.arch_cpu_idle
                0x00000000000046de       0x1a zephyr/arch/arch/arm/core/cortex_m/libarch__arm__core__cortex_m.a(cpu_idle.c.obj)
                0x00000000000046de                arch_cpu_idle
 .text.arch_cpu_atomic_idle
                0x00000000000046f8       0x1e zephyr/arch/arch/arm/core/cortex_m/libarch__arm__core__cortex_m.a(cpu_idle.c.obj)
                0x00000000000046f8                arch_cpu_atomic_idle
 .text.size_to_mpu_rasr_size
                0x0000000000004716       0x20 zephyr/arch/arch/arm/core/mpu/libarch__arm__core__mpu.a(arm_mpu.c.obj)
 .text.picolibc_put
                0x0000000000004736        0xa zephyr/lib/libc/picolibc/liblib__libc__picolibc.a(stdio.c.obj)
 .text.get_status
                0x0000000000004740       0x12 zephyr/drivers/clock_control/libdrivers__clock_control.a(clock_control_nrf.c.obj)
 .text.stop     0x0000000000004752       0x52 zephyr/drivers/clock_control/libdrivers__clock_control.a(clock_control_nrf.c.obj)
 .text.api_stop
                0x00000000000047a4        0x6 zephyr/drivers/clock_control/libdrivers__clock_control.a(clock_control_nrf.c.obj)
 .text.async_start
                0x00000000000047aa       0x5c zephyr/drivers/clock_control/libdrivers__clock_control.a(clock_control_nrf.c.obj)
 .text.api_start
                0x0000000000004806        0xe zephyr/drivers/clock_control/libdrivers__clock_control.a(clock_control_nrf.c.obj)
 .text.onoff_started_callback
                0x0000000000004814       0x12 zephyr/drivers/clock_control/libdrivers__clock_control.a(clock_control_nrf.c.obj)
 .text.lfclk_start
                0x0000000000004826        0x6 zephyr/drivers/clock_control/libdrivers__clock_control.a(clock_control_nrf.c.obj)
 .text.lfclk_stop
                0x000000000000482c        0x6 zephyr/drivers/clock_control/libdrivers__clock_control.a(clock_control_nrf.c.obj)
 .text.blocking_start_callback
                0x0000000000004832        0x6 zephyr/drivers/clock_control/libdrivers__clock_control.a(clock_control_nrf.c.obj)
 .text.gpio_nrfx_port_get_raw
                0x0000000000004838        0xe zephyr/drivers/gpio/libdrivers__gpio.a(gpio_nrfx.c.obj)
 .text.gpio_nrfx_port_set_masked_raw
                0x0000000000004846       0x18 zephyr/drivers/gpio/libdrivers__gpio.a(gpio_nrfx.c.obj)
 .text.gpio_nrfx_port_set_bits_raw
                0x000000000000485e        0xc zephyr/drivers/gpio/libdrivers__gpio.a(gpio_nrfx.c.obj)
 .text.gpio_nrfx_port_clear_bits_raw
                0x000000000000486a        0xc zephyr/drivers/gpio/libdrivers__gpio.a(gpio_nrfx.c.obj)
 .text.gpio_nrfx_port_toggle_bits
                0x0000000000004876       0x1a zephyr/drivers/gpio/libdrivers__gpio.a(gpio_nrfx.c.obj)
 .text.gpio_nrfx_manage_callback
                0x0000000000004890       0x52 zephyr/drivers/gpio/libdrivers__gpio.a(gpio_nrfx.c.obj)
 .text.pinctrl_lookup_state
                0x00000000000048e2       0x26 zephyr/drivers/pinctrl/libdrivers__pinctrl.a(common.c.obj)
                0x00000000000048e2                pinctrl_lookup_state
 .text.uarte_nrfx_err_check
                0x0000000000004908        0xe zephyr/drivers/serial/libdrivers__serial.a(uart_nrfx_uarte.c.obj)
 .text.uarte_nrfx_poll_in
                0x0000000000004916       0x26 zephyr/drivers/serial/libdrivers__serial.a(uart_nrfx_uarte.c.obj)
 .text.is_tx_ready.isra.0
                0x000000000000493c       0x20 zephyr/drivers/serial/libdrivers__serial.a(uart_nrfx_uarte.c.obj)
 .text.uarte_nrfx_isr_int
                0x000000000000495c       0x42 zephyr/drivers/serial/libdrivers__serial.a(uart_nrfx_uarte.c.obj)
 .text.event_clear
                0x000000000000499e       0x18 zephyr/drivers/timer/libdrivers__timer.a(nrf_rtc_timer.c.obj)
 .text.hw_cc3xx_init_internal
                0x00000000000049b6        0x4 modules/nrf/drivers/hw_cc3xx/lib..__nrf__drivers__hw_cc3xx.a(hw_cc3xx.c.obj)
 .text.hw_cc3xx_init
                0x00000000000049ba       0x12 modules/nrf/drivers/hw_cc3xx/lib..__nrf__drivers__hw_cc3xx.a(hw_cc3xx.c.obj)
 .text.nrfx_isr
                0x00000000000049cc        0x2 modules/hal_nordic/modules/hal_nordic/nrfx/libmodules__hal_nordic__nrfx.a(nrfx_glue.c.obj)
                0x00000000000049cc                nrfx_isr
 .text.nrfx_busy_wait
                0x00000000000049ce        0x4 modules/hal_nordic/modules/hal_nordic/nrfx/libmodules__hal_nordic__nrfx.a(nrfx_glue.c.obj)
                0x00000000000049ce                nrfx_busy_wait
 .text.nrfx_gppi_channel_endpoints_setup
                0x00000000000049d2       0x14 modules/hal_nordic/modules/hal_nordic/nrfx/libmodules__hal_nordic__nrfx.a(nrfx_gppi_ppi.c.obj)
                0x00000000000049d2                nrfx_gppi_channel_endpoints_setup
 .text.nrfx_gppi_channel_alloc
                0x00000000000049e6        0x4 modules/hal_nordic/modules/hal_nordic/nrfx/libmodules__hal_nordic__nrfx.a(nrfx_gppi_ppi.c.obj)
                0x00000000000049e6                nrfx_gppi_channel_alloc
 .text.nrfx_clock_stop
                0x00000000000049ea        0x4 modules/hal_nordic/modules/hal_nordic/nrfx/libmodules__hal_nordic__nrfx.a(nrfx_clock.c.obj)
                0x00000000000049ea                nrfx_clock_stop
 .text.nrf_gpio_reconfigure
                0x00000000000049ee       0x92 modules/hal_nordic/modules/hal_nordic/nrfx/libmodules__hal_nordic__nrfx.a(nrfx_gpiote.c.obj)
 .text.nrf_gpio_cfg_sense_set
                0x0000000000004a80       0x1e modules/hal_nordic/modules/hal_nordic/nrfx/libmodules__hal_nordic__nrfx.a(nrfx_gpiote.c.obj)
 .text.pin_trigger_disable
                0x0000000000004a9e       0x48 modules/hal_nordic/modules/hal_nordic/nrfx/libmodules__hal_nordic__nrfx.a(nrfx_gpiote.c.obj)
 .text.nrfx_gpiote_pin_uninit
                0x0000000000004ae6        0x4 modules/hal_nordic/modules/hal_nordic/nrfx/libmodules__hal_nordic__nrfx.a(nrfx_gpiote.c.obj)
                0x0000000000004ae6                nrfx_gpiote_pin_uninit
 .text.nrfx_gpiote_trigger_disable
                0x0000000000004aea        0x4 modules/hal_nordic/modules/hal_nordic/nrfx/libmodules__hal_nordic__nrfx.a(nrfx_gpiote.c.obj)
                0x0000000000004aea                nrfx_gpiote_trigger_disable
 .text.rtt_init
                0x0000000000004aee        0xa modules/segger/libmodules__segger.a(SEGGER_RTT_zephyr.c.obj)
 .text.z_impl_k_busy_wait
                0x0000000000004af8        0x8 zephyr/kernel/libkernel.a(busy_wait.c.obj)
                0x0000000000004af8                z_impl_k_busy_wait
 .text.z_device_state_init
                0x0000000000004b00        0x2 zephyr/kernel/libkernel.a(device.c.obj)
                0x0000000000004b00                z_device_state_init
 .text.z_impl_device_is_ready
                0x0000000000004b02       0x16 zephyr/kernel/libkernel.a(device.c.obj)
                0x0000000000004b02                z_impl_device_is_ready
 .text.arch_system_halt
                0x0000000000004b18       0x10 zephyr/kernel/libkernel.a(fatal.c.obj)
                0x0000000000004b18                arch_system_halt
 .text.k_sys_fatal_error_handler
                0x0000000000004b28        0x6 zephyr/kernel/libkernel.a(fatal.c.obj)
                0x0000000000004b28                k_sys_fatal_error_handler
 .text.do_device_init
                0x0000000000004b2e       0x30 zephyr/kernel/libkernel.a(init.c.obj)
 .text.z_early_memset
                0x0000000000004b5e        0x4 zephyr/kernel/libkernel.a(init.c.obj)
                0x0000000000004b5e                z_early_memset
 .text.z_early_memcpy
                0x0000000000004b62        0x4 zephyr/kernel/libkernel.a(init.c.obj)
                0x0000000000004b62                z_early_memcpy
 .text.z_init_static
                0x0000000000004b66        0x2 zephyr/kernel/libkernel.a(init_static.c.obj)
                0x0000000000004b66                z_init_static
 .text.create_free_list
                0x0000000000004b68       0x34 zephyr/kernel/libkernel.a(mem_slab.c.obj)
 .text.k_mem_slab_init
                0x0000000000004b9c       0x1c zephyr/kernel/libkernel.a(mem_slab.c.obj)
                0x0000000000004b9c                k_mem_slab_init
 .text.k_mem_slab_free
                0x0000000000004bb8       0x6e zephyr/kernel/libkernel.a(mem_slab.c.obj)
                0x0000000000004bb8                k_mem_slab_free
 .text.idle     0x0000000000004c26       0x16 zephyr/kernel/libkernel.a(idle.c.obj)
                0x0000000000004c26                idle
 .text.adjust_owner_prio.isra.0
                0x0000000000004c3c       0x10 zephyr/kernel/libkernel.a(mutex.c.obj)
 .text.z_impl_k_mutex_init
                0x0000000000004c4c        0xe zephyr/kernel/libkernel.a(mutex.c.obj)
                0x0000000000004c4c                z_impl_k_mutex_init
 .text.k_is_in_isr
                0x0000000000004c5a        0xc zephyr/kernel/libkernel.a(thread.c.obj)
                0x0000000000004c5a                k_is_in_isr
 .text.sys_dlist_remove
                0x0000000000004c66       0x10 zephyr/kernel/libkernel.a(sched.c.obj)
 .text.unpend_thread_no_timeout
                0x0000000000004c76       0x14 zephyr/kernel/libkernel.a(sched.c.obj)
 .text.add_to_waitq_locked
                0x0000000000004c8a       0x50 zephyr/kernel/libkernel.a(sched.c.obj)
 .text.z_ready_thread
                0x0000000000004cda       0x1e zephyr/kernel/libkernel.a(sched.c.obj)
                0x0000000000004cda                z_ready_thread
 .text.z_sched_wake_thread
                0x0000000000004cf8       0x3a zephyr/kernel/libkernel.a(sched.c.obj)
                0x0000000000004cf8                z_sched_wake_thread
 .text.z_thread_timeout
                0x0000000000004d32        0x8 zephyr/kernel/libkernel.a(sched.c.obj)
                0x0000000000004d32                z_thread_timeout
 .text.z_impl_k_sleep
                0x0000000000004d3a       0x32 zephyr/kernel/libkernel.a(sched.c.obj)
                0x0000000000004d3a                z_impl_k_sleep
 .text.next_timeout
                0x0000000000004d6c       0x32 zephyr/kernel/libkernel.a(timeout.c.obj)
 .text.z_abort_timeout
                0x0000000000004d9e       0x42 zephyr/kernel/libkernel.a(timeout.c.obj)
                0x0000000000004d9e                z_abort_timeout
 .text.sys_clock_tick_get_32
                0x0000000000004de0        0x8 zephyr/kernel/libkernel.a(timeout.c.obj)
                0x0000000000004de0                sys_clock_tick_get_32
 .text.memcpy   0x0000000000004de8       0x1c c:\ncs\toolchains\0b393f9e1b\opt\zephyr-sdk\arm-zephyr-eabi\bin\../lib/gcc/../../picolibc/arm-zephyr-eabi/lib/thumb/v7e-m/nofp\libc.a(memcpy.c.o)
                0x0000000000004de8                __aeabi_memcpy
                0x0000000000004de8                __aeabi_memcpy4
                0x0000000000004de8                __aeabi_memcpy8
                0x0000000000004de8                memcpy
 .text.memset   0x0000000000004e04       0x10 c:\ncs\toolchains\0b393f9e1b\opt\zephyr-sdk\arm-zephyr-eabi\bin\../lib/gcc/../../picolibc/arm-zephyr-eabi/lib/thumb/v7e-m/nofp\libc.a(memset.c.o)
                0x0000000000004e04                memset
 .text.strnlen  0x0000000000004e14       0x18 c:\ncs\toolchains\0b393f9e1b\opt\zephyr-sdk\arm-zephyr-eabi\bin\../lib/gcc/../../picolibc/arm-zephyr-eabi/lib/thumb/v7e-m/nofp\libc.a(libc_string_strnlen.c.o)
                0x0000000000004e14                strnlen
 .text.__ultoa_invert
                0x0000000000004e2c       0xae c:\ncs\toolchains\0b393f9e1b\opt\zephyr-sdk\arm-zephyr-eabi\bin\../lib/gcc/../../picolibc/arm-zephyr-eabi/lib/thumb/v7e-m/nofp\libc.a(libc_tinystdio_vflprintf.c.o)
 *(SORT_BY_ALIGNMENT(.TEXT.*))
 *fill*         0x0000000000004eda        0x2 
 .TEXT.__aeabi_read_tp
                0x0000000000004edc        0xc zephyr/arch/arch/arm/core/cortex_m/libarch__arm__core__cortex_m.a(__aeabi_read_tp.S.obj)
                0x0000000000004edc                __aeabi_read_tp
 *(SORT_BY_ALIGNMENT(.gnu.linkonce.t.*))
 *(SORT_BY_ALIGNMENT(.glue_7t))
 .glue_7t       0x0000000000004ee8        0x0 linker stubs
 *(SORT_BY_ALIGNMENT(.glue_7))
 .glue_7        0x0000000000004ee8        0x0 linker stubs
 *(SORT_BY_ALIGNMENT(.vfp11_veneer))
 .vfp11_veneer  0x0000000000004ee8        0x0 linker stubs
 *(SORT_BY_ALIGNMENT(.v4_bx))
 .v4_bx         0x0000000000004ee8        0x0 linker stubs
                0x0000000000004ee8                . = ALIGN (0x4)
                0x0000000000004ee8                __text_region_end = .

.ARM.exidx      0x0000000000004ee8        0x0
                0x0000000000004ee8                __exidx_start = .
 *(SORT_BY_ALIGNMENT(.ARM.exidx*) SORT_BY_ALIGNMENT(gnu.linkonce.armexidx.*))
                0x0000000000004ee8                __exidx_end = .
                0x0000000000004ee8                __rodata_region_start = .

initlevel       0x0000000000004ee8       0x60
                0x0000000000004ee8                __init_start = .
                0x0000000000004ee8                __init_EARLY_start = .
 *(SORT_BY_NAME(SORT_BY_ALIGNMENT(.z_init_EARLY?_*)))
 *(SORT_BY_NAME(SORT_BY_ALIGNMENT(.z_init_EARLY??_*)))
                0x0000000000004ee8                __init_PRE_KERNEL_1_start = .
 *(SORT_BY_NAME(SORT_BY_ALIGNMENT(.z_init_PRE_KERNEL_1?_*)))
 .z_init_PRE_KERNEL_10_0_
                0x0000000000004ee8        0x8 zephyr/soc/soc/nrf52840/libsoc__nordic.a(soc.c.obj)
 *(SORT_BY_NAME(SORT_BY_ALIGNMENT(.z_init_PRE_KERNEL_1??_*)))
 .z_init_PRE_KERNEL_130_00075_
                0x0000000000004ef0        0x8 zephyr/drivers/clock_control/libdrivers__clock_control.a(clock_control_nrf.c.obj)
 .z_init_PRE_KERNEL_130_0_
                0x0000000000004ef8        0x8 modules/segger/libmodules__segger.a(SEGGER_RTT_zephyr.c.obj)
 .z_init_PRE_KERNEL_130_0_
                0x0000000000004f00        0x8 zephyr/kernel/libkernel.a(mem_slab.c.obj)
 .z_init_PRE_KERNEL_140_00011_
                0x0000000000004f08        0x8 zephyr/drivers/gpio/libdrivers__gpio.a(gpio_nrfx.c.obj)
 .z_init_PRE_KERNEL_140_00105_
                0x0000000000004f10        0x8 zephyr/drivers/gpio/libdrivers__gpio.a(gpio_nrfx.c.obj)
 .z_init_PRE_KERNEL_140_0_
                0x0000000000004f18        0x8 modules/nrf/drivers/hw_cc3xx/lib..__nrf__drivers__hw_cc3xx.a(hw_cc3xx.c.obj)
 .z_init_PRE_KERNEL_150_00113_
                0x0000000000004f20        0x8 zephyr/drivers/serial/libdrivers__serial.a(uart_nrfx_uarte.c.obj)
 .z_init_PRE_KERNEL_160_0_
                0x0000000000004f28        0x8 zephyr/drivers/console/libdrivers__console.a(uart_console.c.obj)
                0x0000000000004f30                __init_PRE_KERNEL_2_start = .
 *(SORT_BY_NAME(SORT_BY_ALIGNMENT(.z_init_PRE_KERNEL_2?_*)))
 .z_init_PRE_KERNEL_20_0_
                0x0000000000004f30        0x8 zephyr/drivers/timer/libdrivers__timer.a(nrf_rtc_timer.c.obj)
 *(SORT_BY_NAME(SORT_BY_ALIGNMENT(.z_init_PRE_KERNEL_2??_*)))
                0x0000000000004f38                __init_POST_KERNEL_start = .
 *(SORT_BY_NAME(SORT_BY_ALIGNMENT(.z_init_POST_KERNEL?_*)))
 *(SORT_BY_NAME(SORT_BY_ALIGNMENT(.z_init_POST_KERNEL??_*)))
 .z_init_POST_KERNEL35_0_
                0x0000000000004f38        0x8 zephyr/lib/libc/common/liblib__libc__common.a(malloc.c.obj)
 .z_init_POST_KERNEL40_0_
                0x0000000000004f40        0x8 modules/nrf/drivers/hw_cc3xx/lib..__nrf__drivers__hw_cc3xx.a(hw_cc3xx.c.obj)
                0x0000000000004f48                __init_APPLICATION_start = .
 *(SORT_BY_NAME(SORT_BY_ALIGNMENT(.z_init_APPLICATION?_*)))
 *(SORT_BY_NAME(SORT_BY_ALIGNMENT(.z_init_APPLICATION??_*)))
                0x0000000000004f48                __init_SMP_start = .
 *(SORT_BY_NAME(SORT_BY_ALIGNMENT(.z_init_SMP?_*)))
 *(SORT_BY_NAME(SORT_BY_ALIGNMENT(.z_init_SMP??_*)))
                0x0000000000004f48                __init_end = .
                0x0000000000004f48                __deferred_init_list_start = .
 *(SORT_BY_ALIGNMENT(.z_deferred_init*))
                0x0000000000004f48                __deferred_init_list_end = .

device_area     0x0000000000004f48       0x50
                0x0000000000004f48                _device_list_start = .
 *(SORT_BY_NAME(SORT_BY_ALIGNMENT(._device.static.*_?_*)))
 *(SORT_BY_NAME(SORT_BY_ALIGNMENT(._device.static.*_??_*)))
 ._device.static.1_30_
                0x0000000000004f48       0x14 zephyr/drivers/clock_control/libdrivers__clock_control.a(clock_control_nrf.c.obj)
                0x0000000000004f48                __device_dts_ord_75
 ._device.static.1_40_
                0x0000000000004f5c       0x28 zephyr/drivers/gpio/libdrivers__gpio.a(gpio_nrfx.c.obj)
                0x0000000000004f5c                __device_dts_ord_105
                0x0000000000004f70                __device_dts_ord_11
 ._device.static.1_50_
                0x0000000000004f84       0x14 zephyr/drivers/serial/libdrivers__serial.a(uart_nrfx_uarte.c.obj)
                0x0000000000004f84                __device_dts_ord_113
                0x0000000000004f98                _device_list_end = .

sw_isr_table    0x0000000000004f98      0x180
                0x0000000000004f98                . = ALIGN (0x4)
 *(SORT_BY_ALIGNMENT(.gnu.linkonce.sw_isr_table*))
 .gnu.linkonce.sw_isr_table
                0x0000000000004f98      0x180 zephyr/CMakeFiles/zephyr_final.dir/isr_tables.c.obj
                0x0000000000004f98                _sw_isr_table

initlevel_error
                0x0000000000004ee8        0x0
 *(SORT_BY_NAME(SORT_BY_ALIGNMENT(.z_init_[_A-Z0-9]*)))
                0x0000000000000001                ASSERT ((SIZEOF (initlevel_error) == 0x0), Undefined initialization levels used.)

app_shmem_regions
                0x0000000000005118        0x0
                0x0000000000005118                __app_shmem_regions_start = .
 *(SORT_BY_NAME(SORT_BY_ALIGNMENT(.app_regions.*)))
                0x0000000000005118                __app_shmem_regions_end = .

k_p4wq_initparam_area
                0x0000000000005118        0x0
                0x0000000000005118                _k_p4wq_initparam_list_start = .
 *(SORT_BY_NAME(SORT_BY_ALIGNMENT(._k_p4wq_initparam.static.*)))
                0x0000000000005118                _k_p4wq_initparam_list_end = .

_static_thread_data_area
                0x0000000000005118        0x0
                0x0000000000005118                __static_thread_data_list_start = .
 *(SORT_BY_NAME(SORT_BY_ALIGNMENT(.__static_thread_data.static.*)))
                0x0000000000005118                __static_thread_data_list_end = .

device_deps     0x0000000000005118        0x0
                0x0000000000005118                __device_deps_start = .
 *(SORT_BY_NAME(SORT_BY_ALIGNMENT(.__device_deps_pass2*)))
                0x0000000000005118                __device_deps_end = .

gpio_driver_api_area
                0x0000000000005118       0x24
                0x0000000000005118                _gpio_driver_api_list_start = .
 *(SORT_BY_NAME(SORT_BY_ALIGNMENT(._gpio_driver_api.static.*)))
 ._gpio_driver_api.static.gpio_nrfx_drv_api_funcs_
                0x0000000000005118       0x24 zephyr/drivers/gpio/libdrivers__gpio.a(gpio_nrfx.c.obj)
                0x000000000000513c                _gpio_driver_api_list_end = .

shared_irq_driver_api_area
                0x000000000000513c        0x0
                0x000000000000513c                _shared_irq_driver_api_list_start = .
 *(SORT_BY_NAME(SORT_BY_ALIGNMENT(._shared_irq_driver_api.static.*)))
                0x000000000000513c                _shared_irq_driver_api_list_end = .

crypto_driver_api_area
                0x000000000000513c        0x0
                0x000000000000513c                _crypto_driver_api_list_start = .
 *(SORT_BY_NAME(SORT_BY_ALIGNMENT(._crypto_driver_api.static.*)))
                0x000000000000513c                _crypto_driver_api_list_end = .

adc_driver_api_area
                0x000000000000513c        0x0
                0x000000000000513c                _adc_driver_api_list_start = .
 *(SORT_BY_NAME(SORT_BY_ALIGNMENT(._adc_driver_api.static.*)))
                0x000000000000513c                _adc_driver_api_list_end = .

auxdisplay_driver_api_area
                0x000000000000513c        0x0
                0x000000000000513c                _auxdisplay_driver_api_list_start = .
 *(SORT_BY_NAME(SORT_BY_ALIGNMENT(._auxdisplay_driver_api.static.*)))
                0x000000000000513c                _auxdisplay_driver_api_list_end = .

bbram_driver_api_area
                0x000000000000513c        0x0
                0x000000000000513c                _bbram_driver_api_list_start = .
 *(SORT_BY_NAME(SORT_BY_ALIGNMENT(._bbram_driver_api.static.*)))
                0x000000000000513c                _bbram_driver_api_list_end = .

bt_hci_driver_api_area
                0x000000000000513c        0x0
                0x000000000000513c                _bt_hci_driver_api_list_start = .
 *(SORT_BY_NAME(SORT_BY_ALIGNMENT(._bt_hci_driver_api.static.*)))
                0x000000000000513c                _bt_hci_driver_api_list_end = .

can_driver_api_area
                0x000000000000513c        0x0
                0x000000000000513c                _can_driver_api_list_start = .
 *(SORT_BY_NAME(SORT_BY_ALIGNMENT(._can_driver_api.static.*)))
                0x000000000000513c                _can_driver_api_list_end = .

cellular_driver_api_area
                0x000000000000513c        0x0
                0x000000000000513c                _cellular_driver_api_list_start = .
 *(SORT_BY_NAME(SORT_BY_ALIGNMENT(._cellular_driver_api.static.*)))
                0x000000000000513c                _cellular_driver_api_list_end = .

charger_driver_api_area
                0x000000000000513c        0x0
                0x000000000000513c                _charger_driver_api_list_start = .
 *(SORT_BY_NAME(SORT_BY_ALIGNMENT(._charger_driver_api.static.*)))
                0x000000000000513c                _charger_driver_api_list_end = .

clock_control_driver_api_area
                0x000000000000513c       0x1c
                0x000000000000513c                _clock_control_driver_api_list_start = .
 *(SORT_BY_NAME(SORT_BY_ALIGNMENT(._clock_control_driver_api.static.*)))
 ._clock_control_driver_api.static.clock_control_api_
                0x000000000000513c       0x1c zephyr/drivers/clock_control/libdrivers__clock_control.a(clock_control_nrf.c.obj)
                0x0000000000005158                _clock_control_driver_api_list_end = .

comparator_driver_api_area
                0x0000000000005158        0x0
                0x0000000000005158                _comparator_driver_api_list_start = .
 *(SORT_BY_NAME(SORT_BY_ALIGNMENT(._comparator_driver_api.static.*)))
                0x0000000000005158                _comparator_driver_api_list_end = .

coredump_driver_api_area
                0x0000000000005158        0x0
                0x0000000000005158                _coredump_driver_api_list_start = .
 *(SORT_BY_NAME(SORT_BY_ALIGNMENT(._coredump_driver_api.static.*)))
                0x0000000000005158                _coredump_driver_api_list_end = .

counter_driver_api_area
                0x0000000000005158        0x0
                0x0000000000005158                _counter_driver_api_list_start = .
 *(SORT_BY_NAME(SORT_BY_ALIGNMENT(._counter_driver_api.static.*)))
                0x0000000000005158                _counter_driver_api_list_end = .

dac_driver_api_area
                0x0000000000005158        0x0
                0x0000000000005158                _dac_driver_api_list_start = .
 *(SORT_BY_NAME(SORT_BY_ALIGNMENT(._dac_driver_api.static.*)))
                0x0000000000005158                _dac_driver_api_list_end = .

dai_driver_api_area
                0x0000000000005158        0x0
                0x0000000000005158                _dai_driver_api_list_start = .
 *(SORT_BY_NAME(SORT_BY_ALIGNMENT(._dai_driver_api.static.*)))
                0x0000000000005158                _dai_driver_api_list_end = .

display_driver_api_area
                0x0000000000005158        0x0
                0x0000000000005158                _display_driver_api_list_start = .
 *(SORT_BY_NAME(SORT_BY_ALIGNMENT(._display_driver_api.static.*)))
                0x0000000000005158                _display_driver_api_list_end = .

dma_driver_api_area
                0x0000000000005158        0x0
                0x0000000000005158                _dma_driver_api_list_start = .
 *(SORT_BY_NAME(SORT_BY_ALIGNMENT(._dma_driver_api.static.*)))
                0x0000000000005158                _dma_driver_api_list_end = .

edac_driver_api_area
                0x0000000000005158        0x0
                0x0000000000005158                _edac_driver_api_list_start = .
 *(SORT_BY_NAME(SORT_BY_ALIGNMENT(._edac_driver_api.static.*)))
                0x0000000000005158                _edac_driver_api_list_end = .

eeprom_driver_api_area
                0x0000000000005158        0x0
                0x0000000000005158                _eeprom_driver_api_list_start = .
 *(SORT_BY_NAME(SORT_BY_ALIGNMENT(._eeprom_driver_api.static.*)))
                0x0000000000005158                _eeprom_driver_api_list_end = .

emul_bbram_driver_api_area
                0x0000000000005158        0x0
                0x0000000000005158                _emul_bbram_driver_api_list_start = .
 *(SORT_BY_NAME(SORT_BY_ALIGNMENT(._emul_bbram_driver_api.static.*)))
                0x0000000000005158                _emul_bbram_driver_api_list_end = .

fuel_gauge_emul_driver_api_area
                0x0000000000005158        0x0
                0x0000000000005158                _fuel_gauge_emul_driver_api_list_start = .
 *(SORT_BY_NAME(SORT_BY_ALIGNMENT(._fuel_gauge_emul_driver_api.static.*)))
                0x0000000000005158                _fuel_gauge_emul_driver_api_list_end = .

emul_sensor_driver_api_area
                0x0000000000005158        0x0
                0x0000000000005158                _emul_sensor_driver_api_list_start = .
 *(SORT_BY_NAME(SORT_BY_ALIGNMENT(._emul_sensor_driver_api.static.*)))
                0x0000000000005158                _emul_sensor_driver_api_list_end = .

entropy_driver_api_area
                0x0000000000005158        0x0
                0x0000000000005158                _entropy_driver_api_list_start = .
 *(SORT_BY_NAME(SORT_BY_ALIGNMENT(._entropy_driver_api.static.*)))
                0x0000000000005158                _entropy_driver_api_list_end = .

espi_driver_api_area
                0x0000000000005158        0x0
                0x0000000000005158                _espi_driver_api_list_start = .
 *(SORT_BY_NAME(SORT_BY_ALIGNMENT(._espi_driver_api.static.*)))
                0x0000000000005158                _espi_driver_api_list_end = .

espi_saf_driver_api_area
                0x0000000000005158        0x0
                0x0000000000005158                _espi_saf_driver_api_list_start = .
 *(SORT_BY_NAME(SORT_BY_ALIGNMENT(._espi_saf_driver_api.static.*)))
                0x0000000000005158                _espi_saf_driver_api_list_end = .

flash_driver_api_area
                0x0000000000005158        0x0
                0x0000000000005158                _flash_driver_api_list_start = .
 *(SORT_BY_NAME(SORT_BY_ALIGNMENT(._flash_driver_api.static.*)))
                0x0000000000005158                _flash_driver_api_list_end = .

fpga_driver_api_area
                0x0000000000005158        0x0
                0x0000000000005158                _fpga_driver_api_list_start = .
 *(SORT_BY_NAME(SORT_BY_ALIGNMENT(._fpga_driver_api.static.*)))
                0x0000000000005158                _fpga_driver_api_list_end = .

fuel_gauge_driver_api_area
                0x0000000000005158        0x0
                0x0000000000005158                _fuel_gauge_driver_api_list_start = .
 *(SORT_BY_NAME(SORT_BY_ALIGNMENT(._fuel_gauge_driver_api.static.*)))
                0x0000000000005158                _fuel_gauge_driver_api_list_end = .

gnss_driver_api_area
                0x0000000000005158        0x0
                0x0000000000005158                _gnss_driver_api_list_start = .
 *(SORT_BY_NAME(SORT_BY_ALIGNMENT(._gnss_driver_api.static.*)))
                0x0000000000005158                _gnss_driver_api_list_end = .

haptics_driver_api_area
                0x0000000000005158        0x0
                0x0000000000005158                _haptics_driver_api_list_start = .
 *(SORT_BY_NAME(SORT_BY_ALIGNMENT(._haptics_driver_api.static.*)))
                0x0000000000005158                _haptics_driver_api_list_end = .

hwspinlock_driver_api_area
                0x0000000000005158        0x0
                0x0000000000005158                _hwspinlock_driver_api_list_start = .
 *(SORT_BY_NAME(SORT_BY_ALIGNMENT(._hwspinlock_driver_api.static.*)))
                0x0000000000005158                _hwspinlock_driver_api_list_end = .

i2c_driver_api_area
                0x0000000000005158        0x0
                0x0000000000005158                _i2c_driver_api_list_start = .
 *(SORT_BY_NAME(SORT_BY_ALIGNMENT(._i2c_driver_api.static.*)))
                0x0000000000005158                _i2c_driver_api_list_end = .

i2c_target_driver_api_area
                0x0000000000005158        0x0
                0x0000000000005158                _i2c_target_driver_api_list_start = .
 *(SORT_BY_NAME(SORT_BY_ALIGNMENT(._i2c_target_driver_api.static.*)))
                0x0000000000005158                _i2c_target_driver_api_list_end = .

i2s_driver_api_area
                0x0000000000005158        0x0
                0x0000000000005158                _i2s_driver_api_list_start = .
 *(SORT_BY_NAME(SORT_BY_ALIGNMENT(._i2s_driver_api.static.*)))
                0x0000000000005158                _i2s_driver_api_list_end = .

i3c_driver_api_area
                0x0000000000005158        0x0
                0x0000000000005158                _i3c_driver_api_list_start = .
 *(SORT_BY_NAME(SORT_BY_ALIGNMENT(._i3c_driver_api.static.*)))
                0x0000000000005158                _i3c_driver_api_list_end = .

ipm_driver_api_area
                0x0000000000005158        0x0
                0x0000000000005158                _ipm_driver_api_list_start = .
 *(SORT_BY_NAME(SORT_BY_ALIGNMENT(._ipm_driver_api.static.*)))
                0x0000000000005158                _ipm_driver_api_list_end = .

kscan_driver_api_area
                0x0000000000005158        0x0
                0x0000000000005158                _kscan_driver_api_list_start = .
 *(SORT_BY_NAME(SORT_BY_ALIGNMENT(._kscan_driver_api.static.*)))
                0x0000000000005158                _kscan_driver_api_list_end = .

led_driver_api_area
                0x0000000000005158        0x0
                0x0000000000005158                _led_driver_api_list_start = .
 *(SORT_BY_NAME(SORT_BY_ALIGNMENT(._led_driver_api.static.*)))
                0x0000000000005158                _led_driver_api_list_end = .

led_strip_driver_api_area
                0x0000000000005158        0x0
                0x0000000000005158                _led_strip_driver_api_list_start = .
 *(SORT_BY_NAME(SORT_BY_ALIGNMENT(._led_strip_driver_api.static.*)))
                0x0000000000005158                _led_strip_driver_api_list_end = .

lora_driver_api_area
                0x0000000000005158        0x0
                0x0000000000005158                _lora_driver_api_list_start = .
 *(SORT_BY_NAME(SORT_BY_ALIGNMENT(._lora_driver_api.static.*)))
                0x0000000000005158                _lora_driver_api_list_end = .

mbox_driver_api_area
                0x0000000000005158        0x0
                0x0000000000005158                _mbox_driver_api_list_start = .
 *(SORT_BY_NAME(SORT_BY_ALIGNMENT(._mbox_driver_api.static.*)))
                0x0000000000005158                _mbox_driver_api_list_end = .

mdio_driver_api_area
                0x0000000000005158        0x0
                0x0000000000005158                _mdio_driver_api_list_start = .
 *(SORT_BY_NAME(SORT_BY_ALIGNMENT(._mdio_driver_api.static.*)))
                0x0000000000005158                _mdio_driver_api_list_end = .

mipi_dbi_driver_api_area
                0x0000000000005158        0x0
                0x0000000000005158                _mipi_dbi_driver_api_list_start = .
 *(SORT_BY_NAME(SORT_BY_ALIGNMENT(._mipi_dbi_driver_api.static.*)))
                0x0000000000005158                _mipi_dbi_driver_api_list_end = .

mipi_dsi_driver_api_area
                0x0000000000005158        0x0
                0x0000000000005158                _mipi_dsi_driver_api_list_start = .
 *(SORT_BY_NAME(SORT_BY_ALIGNMENT(._mipi_dsi_driver_api.static.*)))
                0x0000000000005158                _mipi_dsi_driver_api_list_end = .

mspi_driver_api_area
                0x0000000000005158        0x0
                0x0000000000005158                _mspi_driver_api_list_start = .
 *(SORT_BY_NAME(SORT_BY_ALIGNMENT(._mspi_driver_api.static.*)))
                0x0000000000005158                _mspi_driver_api_list_end = .

peci_driver_api_area
                0x0000000000005158        0x0
                0x0000000000005158                _peci_driver_api_list_start = .
 *(SORT_BY_NAME(SORT_BY_ALIGNMENT(._peci_driver_api.static.*)))
                0x0000000000005158                _peci_driver_api_list_end = .

ps2_driver_api_area
                0x0000000000005158        0x0
                0x0000000000005158                _ps2_driver_api_list_start = .
 *(SORT_BY_NAME(SORT_BY_ALIGNMENT(._ps2_driver_api.static.*)))
                0x0000000000005158                _ps2_driver_api_list_end = .

ptp_clock_driver_api_area
                0x0000000000005158        0x0
                0x0000000000005158                _ptp_clock_driver_api_list_start = .
 *(SORT_BY_NAME(SORT_BY_ALIGNMENT(._ptp_clock_driver_api.static.*)))
                0x0000000000005158                _ptp_clock_driver_api_list_end = .

pwm_driver_api_area
                0x0000000000005158        0x0
                0x0000000000005158                _pwm_driver_api_list_start = .
 *(SORT_BY_NAME(SORT_BY_ALIGNMENT(._pwm_driver_api.static.*)))
                0x0000000000005158                _pwm_driver_api_list_end = .

regulator_parent_driver_api_area
                0x0000000000005158        0x0
                0x0000000000005158                _regulator_parent_driver_api_list_start = .
 *(SORT_BY_NAME(SORT_BY_ALIGNMENT(._regulator_parent_driver_api.static.*)))
                0x0000000000005158                _regulator_parent_driver_api_list_end = .

regulator_driver_api_area
                0x0000000000005158        0x0
                0x0000000000005158                _regulator_driver_api_list_start = .
 *(SORT_BY_NAME(SORT_BY_ALIGNMENT(._regulator_driver_api.static.*)))
                0x0000000000005158                _regulator_driver_api_list_end = .

reset_driver_api_area
                0x0000000000005158        0x0
                0x0000000000005158                _reset_driver_api_list_start = .
 *(SORT_BY_NAME(SORT_BY_ALIGNMENT(._reset_driver_api.static.*)))
                0x0000000000005158                _reset_driver_api_list_end = .

retained_mem_driver_api_area
                0x0000000000005158        0x0
                0x0000000000005158                _retained_mem_driver_api_list_start = .
 *(SORT_BY_NAME(SORT_BY_ALIGNMENT(._retained_mem_driver_api.static.*)))
                0x0000000000005158                _retained_mem_driver_api_list_end = .

rtc_driver_api_area
                0x0000000000005158        0x0
                0x0000000000005158                _rtc_driver_api_list_start = .
 *(SORT_BY_NAME(SORT_BY_ALIGNMENT(._rtc_driver_api.static.*)))
                0x0000000000005158                _rtc_driver_api_list_end = .

sdhc_driver_api_area
                0x0000000000005158        0x0
                0x0000000000005158                _sdhc_driver_api_list_start = .
 *(SORT_BY_NAME(SORT_BY_ALIGNMENT(._sdhc_driver_api.static.*)))
                0x0000000000005158                _sdhc_driver_api_list_end = .

sensor_driver_api_area
                0x0000000000005158        0x0
                0x0000000000005158                _sensor_driver_api_list_start = .
 *(SORT_BY_NAME(SORT_BY_ALIGNMENT(._sensor_driver_api.static.*)))
                0x0000000000005158                _sensor_driver_api_list_end = .

smbus_driver_api_area
                0x0000000000005158        0x0
                0x0000000000005158                _smbus_driver_api_list_start = .
 *(SORT_BY_NAME(SORT_BY_ALIGNMENT(._smbus_driver_api.static.*)))
                0x0000000000005158                _smbus_driver_api_list_end = .

spi_driver_api_area
                0x0000000000005158        0x0
                0x0000000000005158                _spi_driver_api_list_start = .
 *(SORT_BY_NAME(SORT_BY_ALIGNMENT(._spi_driver_api.static.*)))
                0x0000000000005158                _spi_driver_api_list_end = .

stepper_driver_api_area
                0x0000000000005158        0x0
                0x0000000000005158                _stepper_driver_api_list_start = .
 *(SORT_BY_NAME(SORT_BY_ALIGNMENT(._stepper_driver_api.static.*)))
                0x0000000000005158                _stepper_driver_api_list_end = .

syscon_driver_api_area
                0x0000000000005158        0x0
                0x0000000000005158                _syscon_driver_api_list_start = .
 *(SORT_BY_NAME(SORT_BY_ALIGNMENT(._syscon_driver_api.static.*)))
                0x0000000000005158                _syscon_driver_api_list_end = .

tee_driver_api_area
                0x0000000000005158        0x0
                0x0000000000005158                _tee_driver_api_list_start = .
 *(SORT_BY_NAME(SORT_BY_ALIGNMENT(._tee_driver_api.static.*)))
                0x0000000000005158                _tee_driver_api_list_end = .

video_driver_api_area
                0x0000000000005158        0x0
                0x0000000000005158                _video_driver_api_list_start = .
 *(SORT_BY_NAME(SORT_BY_ALIGNMENT(._video_driver_api.static.*)))
                0x0000000000005158                _video_driver_api_list_end = .

w1_driver_api_area
                0x0000000000005158        0x0
                0x0000000000005158                _w1_driver_api_list_start = .
 *(SORT_BY_NAME(SORT_BY_ALIGNMENT(._w1_driver_api.static.*)))
                0x0000000000005158                _w1_driver_api_list_end = .

wdt_driver_api_area
                0x0000000000005158        0x0
                0x0000000000005158                _wdt_driver_api_list_start = .
 *(SORT_BY_NAME(SORT_BY_ALIGNMENT(._wdt_driver_api.static.*)))
                0x0000000000005158                _wdt_driver_api_list_end = .

can_transceiver_driver_api_area
                0x0000000000005158        0x0
                0x0000000000005158                _can_transceiver_driver_api_list_start = .
 *(SORT_BY_NAME(SORT_BY_ALIGNMENT(._can_transceiver_driver_api.static.*)))
                0x0000000000005158                _can_transceiver_driver_api_list_end = .

nrf_clock_control_driver_api_area
                0x0000000000005158        0x0
                0x0000000000005158                _nrf_clock_control_driver_api_list_start = .
 *(SORT_BY_NAME(SORT_BY_ALIGNMENT(._nrf_clock_control_driver_api.static.*)))
                0x0000000000005158                _nrf_clock_control_driver_api_list_end = .

i3c_target_driver_api_area
                0x0000000000005158        0x0
                0x0000000000005158                _i3c_target_driver_api_list_start = .
 *(SORT_BY_NAME(SORT_BY_ALIGNMENT(._i3c_target_driver_api.static.*)))
                0x0000000000005158                _i3c_target_driver_api_list_end = .

its_driver_api_area
                0x0000000000005158        0x0
                0x0000000000005158                _its_driver_api_list_start = .
 *(SORT_BY_NAME(SORT_BY_ALIGNMENT(._its_driver_api.static.*)))
                0x0000000000005158                _its_driver_api_list_end = .

vtd_driver_api_area
                0x0000000000005158        0x0
                0x0000000000005158                _vtd_driver_api_list_start = .
 *(SORT_BY_NAME(SORT_BY_ALIGNMENT(._vtd_driver_api.static.*)))
                0x0000000000005158                _vtd_driver_api_list_end = .

tgpio_driver_api_area
                0x0000000000005158        0x0
                0x0000000000005158                _tgpio_driver_api_list_start = .
 *(SORT_BY_NAME(SORT_BY_ALIGNMENT(._tgpio_driver_api.static.*)))
                0x0000000000005158                _tgpio_driver_api_list_end = .

pcie_ctrl_driver_api_area
                0x0000000000005158        0x0
                0x0000000000005158                _pcie_ctrl_driver_api_list_start = .
 *(SORT_BY_NAME(SORT_BY_ALIGNMENT(._pcie_ctrl_driver_api.static.*)))
                0x0000000000005158                _pcie_ctrl_driver_api_list_end = .

pcie_ep_driver_api_area
                0x0000000000005158        0x0
                0x0000000000005158                _pcie_ep_driver_api_list_start = .
 *(SORT_BY_NAME(SORT_BY_ALIGNMENT(._pcie_ep_driver_api.static.*)))
                0x0000000000005158                _pcie_ep_driver_api_list_end = .

svc_driver_api_area
                0x0000000000005158        0x0
                0x0000000000005158                _svc_driver_api_list_start = .
 *(SORT_BY_NAME(SORT_BY_ALIGNMENT(._svc_driver_api.static.*)))
                0x0000000000005158                _svc_driver_api_list_end = .

uart_driver_api_area
                0x0000000000005158        0xc
                0x0000000000005158                _uart_driver_api_list_start = .
 *(SORT_BY_NAME(SORT_BY_ALIGNMENT(._uart_driver_api.static.*)))
 ._uart_driver_api.static.uart_nrfx_uarte_driver_api_
                0x0000000000005158        0xc zephyr/drivers/serial/libdrivers__serial.a(uart_nrfx_uarte.c.obj)
                0x0000000000005164                _uart_driver_api_list_end = .

bc12_emul_driver_api_area
                0x0000000000005164        0x0
                0x0000000000005164                _bc12_emul_driver_api_list_start = .
 *(SORT_BY_NAME(SORT_BY_ALIGNMENT(._bc12_emul_driver_api.static.*)))
                0x0000000000005164                _bc12_emul_driver_api_list_end = .

bc12_driver_api_area
                0x0000000000005164        0x0
                0x0000000000005164                _bc12_driver_api_list_start = .
 *(SORT_BY_NAME(SORT_BY_ALIGNMENT(._bc12_driver_api.static.*)))
                0x0000000000005164                _bc12_driver_api_list_end = .

usbc_ppc_driver_api_area
                0x0000000000005164        0x0
                0x0000000000005164                _usbc_ppc_driver_api_list_start = .
 *(SORT_BY_NAME(SORT_BY_ALIGNMENT(._usbc_ppc_driver_api.static.*)))
                0x0000000000005164                _usbc_ppc_driver_api_list_end = .

tcpc_driver_api_area
                0x0000000000005164        0x0
                0x0000000000005164                _tcpc_driver_api_list_start = .
 *(SORT_BY_NAME(SORT_BY_ALIGNMENT(._tcpc_driver_api.static.*)))
                0x0000000000005164                _tcpc_driver_api_list_end = .

usbc_vbus_driver_api_area
                0x0000000000005164        0x0
                0x0000000000005164                _usbc_vbus_driver_api_list_start = .
 *(SORT_BY_NAME(SORT_BY_ALIGNMENT(._usbc_vbus_driver_api.static.*)))
                0x0000000000005164                _usbc_vbus_driver_api_list_end = .

ivshmem_driver_api_area
                0x0000000000005164        0x0
                0x0000000000005164                _ivshmem_driver_api_list_start = .
 *(SORT_BY_NAME(SORT_BY_ALIGNMENT(._ivshmem_driver_api.static.*)))
                0x0000000000005164                _ivshmem_driver_api_list_end = .

ethphy_driver_api_area
                0x0000000000005164        0x0
                0x0000000000005164                _ethphy_driver_api_list_start = .
 *(SORT_BY_NAME(SORT_BY_ALIGNMENT(._ethphy_driver_api.static.*)))
                0x0000000000005164                _ethphy_driver_api_list_end = .

ztest           0x0000000000005164        0x0
                0x0000000000005164                _ztest_expected_result_entry_list_start = .
 *(SORT_BY_NAME(SORT_BY_ALIGNMENT(._ztest_expected_result_entry.static.*)))
                0x0000000000005164                _ztest_expected_result_entry_list_end = .
                0x0000000000005164                _ztest_suite_node_list_start = .
 *(SORT_BY_NAME(SORT_BY_ALIGNMENT(._ztest_suite_node.static.*)))
                0x0000000000005164                _ztest_suite_node_list_end = .
                0x0000000000005164                _ztest_unit_test_list_start = .
 *(SORT_BY_NAME(SORT_BY_ALIGNMENT(._ztest_unit_test.static.*)))
                0x0000000000005164                _ztest_unit_test_list_end = .
                0x0000000000005164                _ztest_test_rule_list_start = .
 *(SORT_BY_NAME(SORT_BY_ALIGNMENT(._ztest_test_rule.static.*)))
                0x0000000000005164                _ztest_test_rule_list_end = .

init_array      0x0000000000005164        0x0
 *(SORT_BY_NAME(SORT_BY_ALIGNMENT(.ctors*)))
 *(SORT_BY_NAME(SORT_BY_ALIGNMENT(.init_array*)))
                0x0000000000000001                ASSERT ((SIZEOF (init_array) == 0x0), GNU-style constructors required but STATIC_INIT_GNU not enabled)

bt_l2cap_fixed_chan_area
                0x0000000000005164        0x0
                0x0000000000005164                _bt_l2cap_fixed_chan_list_start = .
 *(SORT_BY_NAME(SORT_BY_ALIGNMENT(._bt_l2cap_fixed_chan.static.*)))
                0x0000000000005164                _bt_l2cap_fixed_chan_list_end = .

bt_gatt_service_static_area
                0x0000000000005164        0x0
                0x0000000000005164                _bt_gatt_service_static_list_start = .
 *(SORT_BY_NAME(SORT_BY_ALIGNMENT(._bt_gatt_service_static.static.*)))
                0x0000000000005164                _bt_gatt_service_static_list_end = .

log_strings_area
                0x0000000000005164        0x0
                0x0000000000005164                _log_strings_list_start = .
 *(SORT_BY_NAME(SORT_BY_ALIGNMENT(._log_strings.static.*)))
                0x0000000000005164                _log_strings_list_end = .

log_stmesp_ptr_area
                0x0000000000005164        0x0
                0x0000000000005164                _log_stmesp_ptr_list_start = .
 *(SORT_BY_NAME(SORT_BY_ALIGNMENT(._log_stmesp_ptr.static.*)))
                0x0000000000005164                _log_stmesp_ptr_list_end = .

log_stmesp_str_area
                0x0000000000005164        0x0
                0x0000000000005164                _log_stmesp_str_list_start = .
 *(SORT_BY_NAME(SORT_BY_ALIGNMENT(._log_stmesp_str.static.*)))
                0x0000000000005164                _log_stmesp_str_list_end = .

log_const_area  0x0000000000005164        0x0
                0x0000000000005164                _log_const_list_start = .
 *(SORT_BY_NAME(SORT_BY_ALIGNMENT(._log_const.static.*)))
                0x0000000000005164                _log_const_list_end = .

log_backend_area
                0x0000000000005164        0x0
                0x0000000000005164                _log_backend_list_start = .
 *(SORT_BY_NAME(SORT_BY_ALIGNMENT(._log_backend.static.*)))
                0x0000000000005164                _log_backend_list_end = .

log_link_area   0x0000000000005164        0x0
                0x0000000000005164                _log_link_list_start = .
 *(SORT_BY_NAME(SORT_BY_ALIGNMENT(._log_link.static.*)))
                0x0000000000005164                _log_link_list_end = .

tracing_backend_area
                0x0000000000005164        0x0
                0x0000000000005164                _tracing_backend_list_start = .
 *(SORT_BY_NAME(SORT_BY_ALIGNMENT(._tracing_backend.static.*)))
                0x0000000000005164                _tracing_backend_list_end = .

zephyr_dbg_info
 *(SORT_BY_ALIGNMENT(.dbg_thread_info))

intc_table_area
                0x0000000000005164        0x0
                0x0000000000005164                _intc_table_list_start = .
 *(SORT_BY_NAME(SORT_BY_ALIGNMENT(._intc_table.static.*)))
                0x0000000000005164                _intc_table_list_end = .

symbol_to_keep  0x0000000000005164        0x0
                0x0000000000005164                __symbol_to_keep_start = .
 *(SORT_BY_NAME(SORT_BY_ALIGNMENT(.symbol_to_keep*)))
                0x0000000000005164                __symbol_to_keep_end = .

shell_area      0x0000000000005164        0x0
                0x0000000000005164                _shell_list_start = .
 *(SORT_BY_NAME(SORT_BY_ALIGNMENT(._shell.static.*)))
                0x0000000000005164                _shell_list_end = .

shell_root_cmds_area
                0x0000000000005164        0x0
                0x0000000000005164                _shell_root_cmds_list_start = .
 *(SORT_BY_NAME(SORT_BY_ALIGNMENT(._shell_root_cmds.static.*)))
                0x0000000000005164                _shell_root_cmds_list_end = .

shell_subcmds_area
                0x0000000000005164        0x0
                0x0000000000005164                _shell_subcmds_list_start = .
 *(SORT_BY_NAME(SORT_BY_ALIGNMENT(._shell_subcmds.static.*)))
                0x0000000000005164                _shell_subcmds_list_end = .

shell_dynamic_subcmds_area
                0x0000000000005164        0x0
                0x0000000000005164                _shell_dynamic_subcmds_list_start = .
 *(SORT_BY_NAME(SORT_BY_ALIGNMENT(._shell_dynamic_subcmds.static.*)))
                0x0000000000005164                _shell_dynamic_subcmds_list_end = .

cfb_font_area   0x0000000000005164        0x0
                0x0000000000005164                _cfb_font_list_start = .
 *(SORT_BY_NAME(SORT_BY_ALIGNMENT(._cfb_font.static.*)))
                0x0000000000005164                _cfb_font_list_end = .

tdata           0x0000000000005164        0x0
 *(SORT_BY_ALIGNMENT(.tdata) SORT_BY_ALIGNMENT(.tdata.*) SORT_BY_ALIGNMENT(.gnu.linkonce.td.*))

tbss            0x0000000000005164        0x4
 *(SORT_BY_ALIGNMENT(.tbss) SORT_BY_ALIGNMENT(.tbss.*) SORT_BY_ALIGNMENT(.gnu.linkonce.tb.*) SORT_BY_ALIGNMENT(.tcommon))
 .tbss.z_tls_current
                0x0000000000005164        0x4 zephyr/libzephyr.a(thread_entry.c.obj)
                0x0000000000005164                z_tls_current
                0x0000000000005164                PROVIDE (__tdata_start = LOADADDR (tdata))
                0x0000000000000001                PROVIDE (__tdata_align = ALIGNOF (tdata))
                0x0000000000000000                PROVIDE (__tdata_size = (((SIZEOF (tdata) + __tdata_align) - 0x1) & ~ ((__tdata_align - 0x1))))
                [!provide]                        PROVIDE (__tdata_end = (__tdata_start + __tdata_size))
                0x0000000000000004                PROVIDE (__tbss_align = ALIGNOF (tbss))
                [!provide]                        PROVIDE (__tbss_start = ADDR (tbss))
                0x0000000000000004                PROVIDE (__tbss_size = (((SIZEOF (tbss) + __tbss_align) - 0x1) & ~ ((__tbss_align - 0x1))))
                [!provide]                        PROVIDE (__tbss_end = (__tbss_start + __tbss_size))
                [!provide]                        PROVIDE (__tls_start = __tdata_start)
                [!provide]                        PROVIDE (__tls_end = __tbss_end)
                [!provide]                        PROVIDE (__tls_size = (__tbss_end - __tdata_start))

rodata          0x0000000000005170      0x304
 *(SORT_BY_ALIGNMENT(.rodata))
 *(SORT_BY_ALIGNMENT(.rodata.*))
 .rodata.delay_machine_code.0
                0x0000000000005170        0x6 zephyr/soc/soc/nrf52840/libsoc__nordic.a(soc.c.obj)
 *fill*         0x0000000000005176        0x2 
 .rodata.mem_attr_region
                0x0000000000005178        0x0 zephyr/libzephyr.a(mem_attr.c.obj)
 .rodata.apis   0x0000000000005178        0x8 zephyr/libzephyr.a(nrf_cc3xx_platform_abort_zephyr.c.obj)
 .rodata.mutexes